Loading env from: /Users/phongsakonkonrad/Temp/assignments/comp4901b/group-project/LLM_project/group-project/.env
Exists? True
DS_API_KEY found: True
DS_API_KEY starts with: sk-33
Starting Evaluation...

=== Processing Question 1, when was the last time anyone was on the moon?...     =====
Short answer: December 1972
Short answer: December 1972
Search Agent found an Answer: December 1972

=== Processing Question 2, who wrote he ain't heavy he's my brother lyrics?...     =====
Search Agent wants to use tools: 1 call(s)
  - Tool: google_search
  - Arguments: {'query': '"He Ain\'t Heavy He\'s My Brother" lyrics writer'}
Search Agent wants to use tools: 1 call(s)
  - Tool: website_browsing
  - Arguments: {'link': 'https://en.wikipedia.org/wiki/He_Ain%27t_Heavy,_He%27s_My_Brother'}
Reading this website: He Ain't Heavy, He's My Brother - Wikipedia
 Content: He Ain't Heavy, He's My Brother

From Wikipedia, the free encyclopedia

"He Ain't Heavy, He's My Bro...
Short answer: Bobby Scott and Bob Russell
Short answer: Bobby Scott and Bob Russell
Search Agent found an Answer: Bobby Scott and Bob Russell

=== Processing Question 3, how many seasons of the bastard executioner are th...     =====
Short answer: one
Short answer: one
Search Agent found an Answer: one

=== Processing Question 4, when did the eagles win last super bowl?...     =====
Search Agent wants to use tools: 1 call(s)
Agents reasoning:                 
  - Tool: google_search
  - Arguments: {'query': 'Philadelphia Eagles last Super Bowl win date'}
Search Agent wants to use tools: 1 call(s)
Agents reasoning:                                                          
  - Tool: google_search
  - Arguments: {'query': 'Philadelphia Eagles most recent Super Bowl championship year'}
Search Agent wants to use tools: 1 call(s)
Agents reasoning:    
  - Tool: wikipedia_search
  - Arguments: {'query': 'Philadelphia Eagles Super Bowl wins'}
Search Agent wants to use tools: 1 call(s)
Agents reasoning:    
  - Tool: website_browsing
  - Arguments: {'link': 'https://en.wikipedia.org/wiki/Philadelphia_Eagles'}
Reading this website: Philadelphia Eagles - Wikipedia
 Content: Philadelphia Eagles
Current season
       
Logo   Wordmark

Uniforms
General information
Established...
Short answer: 2024
Short answer: 2018
Search Agent found an Answer: 2024

=== Processing Question 5, who won last year's ncaa women's basketball?...     =====
Search Agent wants to use tools: 1 call(s)
  - Tool: google_search
  - Arguments: {'query': "last year NCAA women's basketball champion"}
Search Agent wants to use tools: 1 call(s)
  - Tool: website_browsing
  - Arguments: {'link': 'https://www.espn.com/womens-college-basketball/story/_/id/39445812/ncaa-womens-basketball-championship-all-winners-list'}
Reading this website: NCAA women's basketball championship: All-time winners list - ESPN
 Content: NCAA women's basketball championship: All-time winners list

* ESPN

Apr 6, 2025, 05:15 PM ET

UConn...
Short answer: South Carolina
Short answer: South Carolina Gamecocks
Search Agent found an Answer: South Carolina

=== Processing Question 6, when did the isle of wight become an island?...     =====
Search Agent wants to use tools: 1 call(s)
  - Tool: google_search
  - Arguments: {'query': 'Isle of Wight become an island when'}
Search Agent wants to use tools: 1 call(s)
  - Tool: wikipedia_search
  - Arguments: {'query': 'Isle of Wight geological formation'}
Search Agent wants to use tools: 1 call(s)
  - Tool: website_browsing
  - Arguments: {'link': 'https://en.wikipedia.org/wiki/Isle_of_Wight'}
Reading this website: Isle of Wight - Wikipedia
 Content: Isle of Wight
Ceremonial county
An image of the Isle of Wight from the ISS[1]

Coordinates: 50°48′N ...
Search Agent wants to use tools: 1 call(s)
Agents reasoning:                                
  - Tool: google_search
  - Arguments: {'query': 'Isle of Wight separated from mainland Britain when'}
Search Agent wants to use tools: 1 call(s)
  - Tool: website_browsing
  - Arguments: {'link': 'https://en.wikipedia.org/wiki/History_of_the_Isle_of_Wight'}
Reading this website: History of the Isle of Wight - Wikipedia
 Content: History of the Isle of Wight

The Isle of Wight is rich in historical and archaeological sites, from...
Search Agent wants to use tools: 1 call(s)
Agents reasoning:                                                                                        
  - Tool: google_search
  - Arguments: {'query': '"Isle of Wight" "separated from the mainland" 125,000 years ago'}
Short answer: 125,000 years ago
Short answer: around 8,000 years ago
Search Agent found an Answer: 125,000 years ago

=== Processing Question 7, love yourself by justin bieber is about who?...     =====
Search Agent wants to use tools: 1 call(s)
  - Tool: google_search
  - Arguments: {'query': 'love yourself by justin bieber is about who'}
Search Agent wants to use tools: 1 call(s)
  - Tool: wikipedia_search
  - Arguments: {'query': 'Love Yourself Justin Bieber'}
Search Agent wants to use tools: 1 call(s)
  - Tool: website_browsing
  - Arguments: {'link': 'https://en.wikipedia.org/wiki/Love_Yourself'}
Reading this website: Love Yourself - Wikipedia
 Content: Love Yourself

From Wikipedia, the free encyclopedia

"Love Yourself" is a song recorded by Canadian...
Short answer: a narcissistic ex-lover
Short answer: Justin Bieber
Search Agent found an Answer: a narcissistic ex-lover

=== Processing Question 8, who was the ruler of england in 1616?...     =====
Short answer: James I
Short answer: James I
Search Agent found an Answer: James I

=== Processing Question 9, what is the hot coffee mod in san andreas?...     =====
Search Agent wants to use tools: 1 call(s)
  - Tool: google_search
  - Arguments: {'query': 'hot coffee mod San Andreas'}
Search Agent wants to use tools: 1 call(s)
  - Tool: wikipedia_search
  - Arguments: {'query': 'Hot Coffee minigame Grand Theft Auto San Andreas'}
Search Agent wants to use tools: 1 call(s)
  - Tool: website_browsing
  - Arguments: {'link': 'https://en.wikipedia.org/wiki/Hot_Coffee_(minigame)'}
Reading this website: Hot Coffee (minigame) - Wikipedia
 Content: Hot Coffee (minigame)

"Hot Coffee" is the unofficial name for a minigame in the 2004 action-adventu...
Short answer: hidden minigame enabling sexual content
Short answer: Grand Theft Auto: San Andreas
Search Agent found an Answer: hidden minigame enabling sexual content

=== Processing Question 10, what is the maximum data rate for the 802.11a stan...     =====
Short answer: 54 Mbps
Short answer: 54 Mbps
Search Agent found an Answer: 54 Mbps

=== Processing Question 11, which state is located in the centre of india?...     =====
Short answer: Madhya Pradesh
Short answer: Madhya Pradesh
Search Agent found an Answer: Madhya Pradesh

=== Processing Question 12, who sang i ran all the way home?...     =====
Search Agent wants to use tools: 1 call(s)
  - Tool: google_search
  - Arguments: {'query': '"I Ran All the Way Home" song singer'}
Search Agent wants to use tools: 1 call(s)
  - Tool: wikipedia_search
  - Arguments: {'query': 'Sorry (I Ran All the Way Home)'}
Short answer: The Impalas
Short answer: The Impressions
Search Agent found an Answer: The Impalas

=== Processing Question 13, where did the last name wallace come from?...     =====
Search Agent wants to use tools: 1 call(s)
  - Tool: google_search
  - Arguments: {'query': 'origin of last name Wallace surname etymology'}
Search Agent wants to use tools: 1 call(s)
  - Tool: website_browsing
  - Arguments: {'link': 'https://www.houseofnames.com/wallace-family-crest'}
Reading this website: Wallace Name Meaning, Family History, Family Crest &amp; Coats of Arms
 Content: Wallace Name Meaning, Family History, Family Crest & Coats of Arms

* Origins Available:
 * Scotland...
Search Agent wants to use tools: 1 call(s)
  - Tool: wikipedia_search
  - Arguments: {'query': 'Wallace surname origin'}
Short answer: Scottish and English variant of Wallis, from Anglo-Norman French waleis meaning Welsh or foreign
Short answer: Scotland
Search Agent found an Answer: Scottish and English variant of Wallis, from Anglo-Norman French waleis meaning Welsh or foreign

=== Processing Question 14, who was the actor that played ben stone on law and...     =====
Search Agent wants to use tools: 1 call(s)
  - Tool: google_search
  - Arguments: {'query': 'actor played Ben Stone on Law and Order'}
Search Agent wants to use tools: 1 call(s)
  - Tool: website_browsing
  - Arguments: {'link': 'https://en.wikipedia.org/wiki/Michael_Moriarty'}
Reading this website: Michael Moriarty - Wikipedia
 Content: Michael Moriarty

From Wikipedia, the free encyclopedia

Michael Moriarty (born April 5, 1941) is an...
Short answer: Michael Moriarty
Short answer: Michael Moriarty
Search Agent found an Answer: Michael Moriarty

=== Processing Question 15, who does the voice of nala in the lion king?...     =====
Search Agent wants to use tools: 1 call(s)
  - Tool: google_search
  - Arguments: {'query': 'who voices Nala in The Lion King'}
Search Agent wants to use tools: 1 call(s)
  - Tool: website_browsing
  - Arguments: {'link': 'https://en.wikipedia.org/wiki/Nala_(The_Lion_King)'}
Reading this website: Nala (The Lion King) - Wikipedia
 Content: Nala (The Lion King)

Nala
The Lion King character
Nala, as she appears as an adult in Kingdom Heart...
Short answer: Moira Kelly
Short answer: Moira Kelly
Search Agent found an Answer: Moira Kelly

=== Processing Question 16, who plays gram on the young and the restless?...     =====
Search Agent wants to use tools: 1 call(s)
  - Tool: google_search
  - Arguments: {'query': 'who plays gram on The Young and the Restless'}
Search Agent wants to use tools: 1 call(s)
Agents reasoning:                              
  - Tool: google_search
  - Arguments: {'query': '"gram" character The Young and the Restless actor'}
Search Agent wants to use tools: 1 call(s)
  - Tool: google_search
  - Arguments: {'query': '"Gram" character on Y&R The Young and the Restless actress'}
Search Agent wants to use tools: 1 call(s)
  - Tool: google_search
  - Arguments: {'query': '"Gram" character Young and Restless grandmother role'}
Search Agent wants to use tools: 1 call(s)
Agents reasoning:                              
  - Tool: google_search
  - Arguments: {'query': '"Gram" nickname The Young and the Restless character'}
Search Agent wants to use tools: 1 call(s)
  - Tool: website_browsing
  - Arguments: {'link': 'https://theyoungandtherestless.fandom.com/wiki/List_of_minor_characters_(2020s)'}
Reading this website: List of minor characters (2020s) | The Young and the Restless Wiki | Fandom
 Content: List of minor characters (2020s) | The Young and the Restless Wiki

This is a list of minor characte...
Search Agent wants to use tools: 1 call(s)
Agents reasoning:                                 
  - Tool: google_search
  - Arguments: {'query': '"Gram" "The Young and the Restless" character actress'}
Search Agent wants to use tools: 1 call(s)
  - Tool: wikipedia_search
  - Arguments: {'query': 'The Young and the Restless Gram character'}
Short answer: Beth Maitland
Search Agent found an Answer: Error: Max steps reached without answer

=== Processing Question 17, what is the oath that new citizens take?...     =====
Search Agent wants to use tools: 1 call(s)
  - Tool: google_search
  - Arguments: {'query': 'oath of allegiance new citizens United States'}
Search Agent wants to use tools: 1 call(s)
  - Tool: website_browsing
  - Arguments: {'link': 'https://www.uscis.gov/citizenship/learn-about-citizenship/the-naturalization-interview-and-test/naturalization-oath-of-allegiance-to-the-united-states-of-america'}
Reading this website: Naturalization Oath of Allegiance to the United States of America | USCIS
 Content: Naturalization Oath of Allegiance to the United States of America

Oath

"I hereby declare, on oath,...
Short answer: I hereby declare, on oath, that I absolutely and entirely renounce and abjure all allegiance and fidelity to any foreign prince, potentate, state, or sovereignty, of whom or which I have heretofore been a subject or citizen; that I will support and defend the Constitution and laws of the United States of America against all enemies, foreign and domestic; that I will bear true faith and allegiance to the same; that I will bear arms on behalf of the United States when required by the law; that I will perform noncombatant service in the Armed Forces of the United States when required by the law; that I will perform work of national importance under civilian direction when required by the law; and that I take this obligation freely, without any mental reservation or purpose of evasion; so help me God
Short answer: Oath of Allegiance
Search Agent found an Answer: I hereby declare, on oath, that I absolutely and entirely renounce and abjure all allegiance and fidelity to any foreign prince, potentate, state, or sovereignty, of whom or which I have heretofore been a subject or citizen; that I will support and defend the Constitution and laws of the United States of America against all enemies, foreign and domestic; that I will bear true faith and allegiance to the same; that I will bear arms on behalf of the United States when required by the law; that I will perform noncombatant service in the Armed Forces of the United States when required by the law; that I will perform work of national importance under civilian direction when required by the law; and that I take this obligation freely, without any mental reservation or purpose of evasion; so help me God

=== Processing Question 18, who is under the mask of darth vader?...     =====
Search Agent wants to use tools: 1 call(s)
  - Tool: google_search
  - Arguments: {'query': 'who is under the mask of Darth Vader'}
Search Agent wants to use tools: 1 call(s)
  - Tool: wikipedia_search
  - Arguments: {'query': 'Darth Vader character'}
Search Agent wants to use tools: 1 call(s)
  - Tool: website_browsing
  - Arguments: {'link': 'https://en.wikipedia.org/wiki/Darth_Vader'}
Reading this website: Darth Vader - Wikipedia
 Content: Darth Vader
Star Wars character
A costumed Darth Vader at Disney's
Jedi Training Academy attraction
...
Short answer: Anakin Skywalker
Short answer: Anakin Skywalker
Search Agent found an Answer: Anakin Skywalker

=== Processing Question 19, who had a baby at 100 in the bible?...     =====
Search Agent wants to use tools: 1 call(s)
  - Tool: google_search
  - Arguments: {'query': 'who had a baby at 100 years old in the Bible'}
Search Agent wants to use tools: 1 call(s)
  - Tool: website_browsing
  - Arguments: {'link': 'https://www.biblegateway.com/passage/?search=Genesis%2021&version=NIV'}
Reading this website: Genesis 21 NIV - The Birth of Isaac - Now the LORD was - Bible Gateway
 Content: Genesis 21 NIV - The Birth of Isaac - Now the LORD was

The Birth of Isaac

21 Now the Lord was grac...
Short answer: Abraham
Short answer: Sarah
Search Agent found an Answer: Abraham

=== Processing Question 20, what age do you need to be to buy a bb gun?...     =====
Short answer: 18
Short answer: 18
Search Agent found an Answer: 18

=== Processing Question 21, ethiopia flight 961 crashes in to the sea?...     =====
Search Agent wants to use tools: 1 call(s)
Agents reasoning:                     
  - Tool: google_search
  - Arguments: {'query': 'Ethiopian Airlines Flight 961 crash sea'}
Search Agent wants to use tools: 1 call(s)
  - Tool: website_browsing
  - Arguments: {'link': 'https://en.wikipedia.org/wiki/Ethiopian_Airlines_Flight_961'}
Reading this website: Ethiopian Airlines Flight 961 - Wikipedia
 Content: Ethiopian Airlines Flight 961

ET-AIZ, the aircraft involved in the hijacking, seen in July
1996
Hij...
Short answer: November 1996
Short answer: November 1996
Search Agent found an Answer: November 1996

=== Processing Question 22, where was percy jackson and the olympians filmed?...     =====
Search Agent wants to use tools: 1 call(s)
Agents reasoning:                    
  - Tool: google_search
  - Arguments: {'query': 'Percy Jackson and the Olympians filming locations'}
Search Agent wants to use tools: 1 call(s)
  - Tool: website_browsing
  - Arguments: {'link': 'https://www.atlasofwonders.com/2023/12/where-was-percy-jackson-and-olympians.filmed.html'}
Reading this website: Where was Percy Jackson filmed? The Camp Half-Blood and all the locations
 Content: Where was Percy Jackson filmed? The Camp Half-Blood and all the locations

Posted by

Based on the p...
Short answer: Vancouver, British Columbia, Canada
Short answer: Vancouver, British Columbia
Search Agent found an Answer: Vancouver, British Columbia, Canada

=== Processing Question 23, how many seasons of vampire diaries r there?...     =====
Search Agent wants to use tools: 1 call(s)
  - Tool: google_search
  - Arguments: {'query': 'Vampire Diaries number of seasons'}
Search Agent wants to use tools: 1 call(s)
  - Tool: website_browsing
  - Arguments: {'link': 'https://en.wikipedia.org/wiki/The_Vampire_Diaries'}
Reading this website: The Vampire Diaries - Wikipedia
 Content: The Vampire Diaries

From Wikipedia, the free encyclopedia

The Vampire Diaries

Genre              ...
Short answer: eight
Short answer: eight
Search Agent found an Answer: eight

=== Processing Question 24, how many episodes are there in dragon ball z?...     =====
Short answer: 291
Short answer: 291
Search Agent found an Answer: 291

=== Processing Question 25, who plays auggie in the movie the wonder?...     =====
Search Agent wants to use tools: 1 call(s)
  - Tool: google_search
  - Arguments: {'query': 'who plays auggie in the movie the wonder'}
Search Agent wants to use tools: 1 call(s)
  - Tool: website_browsing
  - Arguments: {'link': 'https://en.wikipedia.org/wiki/Jacob_Tremblay'}
Reading this website: Jacob Tremblay - Wikipedia
 Content: Jacob Tremblay

From Wikipedia, the free encyclopedia

Jacob Tremblay
Tremblay at the 2025 San Diego...
Short answer: Jacob Tremblay
Short answer: Jacob Tremblay
Search Agent found an Answer: Jacob Tremblay

=== Processing Question 26, when was the first australian prime minister elect...     =====
Search Agent wants to use tools: 1 call(s)
  - Tool: google_search
  - Arguments: {'query': 'first Australian prime minister elected date'}
Search Agent wants to use tools: 1 call(s)
  - Tool: website_browsing
  - Arguments: {'link': 'https://en.wikipedia.org/wiki/Prime_Minister_of_Australia'}
Reading this website: Prime Minister of Australia - Wikipedia
 Content: Prime Minister of Australia
Coat of arms of Australia
Flag of Australia
Incumbent
Anthony Albanese

...
Search Agent wants to use tools: 1 call(s)
  - Tool: website_browsing
  - Arguments: {'link': 'https://en.wikipedia.org/wiki/Edmund_Barton'}
Reading this website: Edmund Barton - Wikipedia
 Content: Edmund Barton

Sir Edmund "Toby" Barton (18 January 1849 – 7 January 1920) was an Australian politic...
Short answer: 1 January 1901
Short answer: January 1901
Search Agent found an Answer: 1 January 1901

=== Processing Question 27, who plays matthew on anne with an e?...     =====
Search Agent wants to use tools: 1 call(s)
  - Tool: google_search
  - Arguments: {'query': 'who plays matthew on anne with an e'}
Search Agent wants to use tools: 1 call(s)
  - Tool: website_browsing
  - Arguments: {'link': 'https://anne-with-an-e.fandom.com/wiki/Matthew_Cuthbert'}
Reading this website: Matthew Cuthbert | Anne with an E Wiki | Fandom
 Content: Matthew Cuthbert | Anne with an E Wiki

Matthew Cuthbert is one of the main characters of Anne with ...
Short answer: R.H. Thomson
Short answer: R.H. Thomson
Search Agent found an Answer: R.H. Thomson

=== Processing Question 28, who is the girl in green day 21 guns?...     =====
Search Agent wants to use tools: 1 call(s)
  - Tool: google_search
  - Arguments: {'query': 'girl in green day 21 guns music video'}
Search Agent wants to use tools: 1 call(s)
  - Tool: website_browsing
  - Arguments: {'link': 'https://www.imdb.com/title/tt6789810/fullcredits/'}
Reading this website: Green Day: 21 Guns (Music Video 2009) - Full cast &amp; crew - IMDb
 Content: Green Day: 21 Guns (Music Video 2009) - Full cast & crew

Back
 * Cast & crew

IMDbPro


Full cast &...
Search Agent wants to use tools: 1 call(s)
  - Tool: wikipedia_search
  - Arguments: {'query': 'Green Day 21 Guns music video girl'}
Search Agent wants to use tools: 1 call(s)
  - Tool: google_search
  - Arguments: {'query': '"21 Guns" music video girl Lisa Stelly'}
Short answer: Lisa Stelly
Short answer: Estelle
Search Agent found an Answer: Lisa Stelly

=== Processing Question 29, who plays joker in batman the dark knight?...     =====
Search Agent wants to use tools: 1 call(s)
  - Tool: google_search
  - Arguments: {'query': 'who plays joker in batman the dark knight'}
Short answer: Heath Ledger
Short answer: Heath Ledger
Search Agent found an Answer: Heath Ledger

=== Processing Question 30, when was the south asian association for regional ...     =====
Search Agent wants to use tools: 1 call(s)
  - Tool: google_search
  - Arguments: {'query': 'South Asian Association for Regional Cooperation SAARC formed date'}
Search Agent wants to use tools: 1 call(s)
  - Tool: website_browsing
  - Arguments: {'link': 'https://en.wikipedia.org/wiki/South_Asian_Association_for_Regional_Cooperation'}
Reading this website: South Asian Association for Regional Cooperation - Wikipedia
 Content: South Asian Association for Regional Cooperation

 * Assamese:     দক্ষিণ এছিয়াৰ আঞ্চলিক সহযোগিতাৰ ...
Short answer: 8 December 1985
Short answer: December 1985
Search Agent found an Answer: 8 December 1985

=== Processing Question 31, when was the first hunger games book published?...     =====
Search Agent wants to use tools: 1 call(s)
  - Tool: google_search
  - Arguments: {'query': 'first hunger games book published date'}
Search Agent wants to use tools: 1 call(s)
  - Tool: website_browsing
  - Arguments: {'link': 'https://en.wikipedia.org/wiki/The_Hunger_Games'}
Reading this website: The Hunger Games - Wikipedia
 Content: The Hunger Games

----------------------------------------

 * The Hunger Games (2008)
 * Catching F...
Short answer: September 2008
Short answer: September 2008
Search Agent found an Answer: September 2008

=== Processing Question 32, who did bette midler portray in the rose?...     =====
Search Agent wants to use tools: 1 call(s)
  - Tool: google_search
  - Arguments: {'query': 'Bette Midler portray in The Rose'}
Search Agent wants to use tools: 1 call(s)
  - Tool: website_browsing
  - Arguments: {'link': 'https://www.imdb.com/title/tt0079826/'}
Reading this website: The Rose (1979) - IMDb
 Content: The Rose (1979)

Videos1


User reviews67


Featured reviews


An OSCAR worthy film and performance....
Search Agent wants to use tools: 1 call(s)
  - Tool: wikipedia_search
  - Arguments: {'query': 'The Rose 1979 Bette Midler character'}
Search Agent wants to use tools: 1 call(s)
  - Tool: website_browsing
  - Arguments: {'link': 'https://www.hollywoodreporter.com/movies/movie-news/bette-midler-movie-stardom-the-rose-1235892815/'}
Reading this website: Bette Midler Achieved Movie Stardom With &#039;The Rose’
 Content: Bette Midler Achieved Movie Stardom With 'The Rose’

Hollywood Flashback: Bette Midler Bloomed and W...
Short answer: Mary Rose Foster
Short answer: Mary Rose Foster
Search Agent found an Answer: Mary Rose Foster

=== Processing Question 33, who is the lead singer of depeche mode?...     =====
Search Agent wants to use tools: 1 call(s)
  - Tool: google_search
  - Arguments: {'query': 'Depeche Mode lead singer'}
Short answer: Dave Gahan
Short answer: Dave Gahan
Search Agent found an Answer: Dave Gahan

=== Processing Question 34, where did the butchers in the slaughterhouse cases...     =====
Search Agent wants to use tools: 1 call(s)
  - Tool: google_search
  - Arguments: {'query': 'butchers in the slaughterhouse cases where did they live'}
Search Agent wants to use tools: 1 call(s)
  - Tool: website_browsing
  - Arguments: {'link': 'https://en.wikipedia.org/wiki/Slaughter-House_Cases'}
Reading this website: Slaughter-House Cases - Wikipedia
 Content: Slaughter-House Cases

From Wikipedia, the free encyclopedia

Slaughter-House Cases
Supreme Court of...
Search Agent wants to use tools: 1 call(s)
Agents reasoning:                                    
  - Tool: google_search
  - Arguments: {'query': '"Butchers\' Benevolent Association" New Orleans butchers residence where lived'}
Search Agent wants to use tools: 1 call(s)
  - Tool: website_browsing
  - Arguments: {'link': 'https://64parishes.org/entry/slaughterhouse-case'}
Reading this website: Slaughterhouse Case - 64 Parishes
 Content: Slaughterhouse Case

Louisiana’s Slaughterhouse Case began with an effort to centralize and clean up...
Search Agent wants to use tools: 1 call(s)
  - Tool: google_search
  - Arguments: {'query': '"Butchers\' Benevolent Association" members residence New Orleans 1870'}
Search Agent wants to use tools: 1 call(s)
  - Tool: website_browsing
  - Arguments: {'link': 'https://www.law.cornell.edu/supremecourt/text/83/36'}
Reading this website: SLAUGHTER-HOUSE CASES. THE BUTCHERS' BENEVOLENT ASSOCIATION OF NEW ORLEANS v. THE CRESCENT CITY LIVE-STOCK LANDING AND SLAUGHTER-HOUSE COMPANY. PAUL ESTEBEN, L. RUCH, J. P. ROUEDE, W. MAYLIE, S. FIRMBERG, B. BEAUBAY, WILLIAM FAGAN, J. D. BRODERICK, N. SEIBEL, M. LANNES, J. GITZINGER, J. P. AYCOCK, D. VERGES, THE LIVE-STOCK DEALERS' AND BUTCHERS' ASSOCIATION OF NEW ORLEANS, AND CHARLES CAVAROC v. THE STATE OF LOUISIANA, ex rel. S. BELDEN, ATTORNEY-GENERAL. THE BUTCHERS' BENEVOLENT ASSOCIATION OF NEW ORLEANS v. THE CRESCENT CITY LIVE-STOCK LANDING AND SLAUGHTER-HOUSE COMPANY. | Supreme Court | US Law | LII / Legal Information Institute
 Content: SLAUGHTER-HOUSE CASES. THE BUTCHERS' BENEVOLENT ASSOCIATION OF NEW ORLEANS v. THE CRESCENT CITY LIVE...
Search Agent wants to use tools: 1 call(s)
Agents reasoning:                                                                              
  - Tool: google_search
  - Arguments: {'query': '"Slaughter-House Cases" butchers residence location where did they live'}
Search Agent wants to use tools: 1 call(s)
  - Tool: website_browsing
  - Arguments: {'link': 'https://fedsoc.org/case/the-slaughter-house-cases'}
Reading this website: The Slaughter-House Cases
 Content: The Slaughter-House Cases


Louisiana passed a law that restricted slaughterhouse operations in New...
Short answer: New Orleans
Search Agent found an Answer: Error: Max steps reached without answer

=== Processing Question 35, who developed the concept of total quality managem...     =====
Search Agent wants to use tools: 1 call(s)
  - Tool: google_search
  - Arguments: {'query': 'who developed the concept of total quality management'}
Search Agent wants to use tools: 1 call(s)
  - Tool: website_browsing
  - Arguments: {'link': 'https://en.wikipedia.org/wiki/Total_quality_management'}
Reading this website: Total quality management - Wikipedia
 Content: Total quality management

From Wikipedia, the free encyclopedia

This article is about the specific ...
Search Agent wants to use tools: 1 call(s)
  - Tool: google_search
  - Arguments: {'query': 'Armand Feigenbaum total quality management concept developer'}
Search Agent wants to use tools: 1 call(s)
  - Tool: website_browsing
  - Arguments: {'link': 'https://en.wikipedia.org/wiki/Armand_V._Feigenbaum'}
Reading this website: Armand V. Feigenbaum - Wikipedia
 Content: Armand V. Feigenbaum

From Wikipedia, the free encyclopedia

Armand V. Feigenbaum

Born            A...
Short answer: Armand V. Feigenbaum
Short answer: W. Edwards Deming
Search Agent found an Answer: Armand V. Feigenbaum

=== Processing Question 36, who wrote cant get you out of my head lyrics?...     =====
Search Agent wants to use tools: 1 call(s)
  - Tool: google_search
  - Arguments: {'query': 'who wrote cant get you out of my head lyrics'}
Search Agent wants to use tools: 1 call(s)
  - Tool: website_browsing
  - Arguments: {'link': 'https://en.wikipedia.org/wiki/Can%27t_Get_You_Out_of_My_Head'}
Reading this website: Can't Get You Out of My Head - Wikipedia
 Content: Can't Get You Out of My Head

From Wikipedia, the free encyclopedia

"Can't Get You Out of My Head" ...
Short answer: Cathy Dennis and Rob Davis
Short answer: Kylie Minogue and Rob Davis
Search Agent found an Answer: Cathy Dennis and Rob Davis

=== Processing Question 37, where does no game no life anime end?...     =====
Search Agent wants to use tools: 1 call(s)
  - Tool: google_search
  - Arguments: {'query': 'No Game No Life anime ending point'}
Search Agent wants to use tools: 1 call(s)
  - Tool: google_search
  - Arguments: {'query': 'No Game No Life anime end episode volume'}
Search Agent wants to use tools: 1 call(s)
  - Tool: website_browsing
  - Arguments: {'link': 'https://www.reddit.com/r/NoGameNoLife/comments/yuoh0n/where_does_the_no_game_no_life_anime_leave_off_in/'}
Reading this website: 
 Content: Where does the No Game No Life anime leave off in the manga?



shashankx86 • r/NoGameNoLife • 11/14...
Search Agent wants to use tools: 1 call(s)
  - Tool: google_search
  - Arguments: {'query': 'No Game No Life anime ending episode 12 volume 3'}
Search Agent wants to use tools: 1 call(s)
  - Tool: website_browsing
  - Arguments: {'link': 'https://no-game-no-life.fandom.com/wiki/Rule_Number_10'}
Reading this website: Rule Number 10 | No Game No Life Wiki | Fandom
 Content: Rule Number 10 | No Game No Life Wiki

Rule Number 10 (収束法(ルール・ナンバー・10), Rūru Nanbā 10) is the twelf...
Search Agent wants to use tools: 1 call(s)
  - Tool: google_search
  - Arguments: {'query': 'No Game No Life anime covers light novel volumes 1-3'}
Short answer: Light novel volumes 1-3
Short answer: Volume three
Search Agent found an Answer: Light novel volumes 1-3

=== Processing Question 38, when did taylor swift's first album release?...     =====
Search Agent wants to use tools: 1 call(s)
  - Tool: google_search
  - Arguments: {'query': 'Taylor Swift first album release date'}
Search Agent wants to use tools: 1 call(s)
  - Tool: wikipedia_search
  - Arguments: {'query': 'Taylor Swift album'}
Short answer: October 2006
Short answer: October 2006
Search Agent found an Answer: October 2006

=== Processing Question 39, what are the three fifty shades of grey books?...     =====
Search Agent wants to use tools: 1 call(s)
  - Tool: google_search
  - Arguments: {'query': 'three Fifty Shades of Grey books titles'}
Search Agent wants to use tools: 1 call(s)
  - Tool: website_browsing
  - Arguments: {'link': 'https://en.wikipedia.org/wiki/Fifty_Shades_(novel_series)'}
Reading this website: Fifty Shades (novel series) - Wikipedia
 Content: Fifty Shades (novel series)

From Wikipedia, the free encyclopedia

Trilogy pack set
---------------...
Short answer: Fifty Shades of Grey, Fifty Shades Darker, Fifty Shades Freed
Short answer: Fifty Shades of Grey, Fifty Shades Darker, Fifty Shades Freed
Search Agent found an Answer: Fifty Shades of Grey, Fifty Shades Darker, Fifty Shades Freed

=== Processing Question 40, who has the power (judicial) to make decisions in ...     =====
Search Agent wants to use tools: 1 call(s)
  - Tool: google_search
  - Arguments: {'query': 'who has judicial power to make decisions in courts of law'}
Search Agent wants to use tools: 1 call(s)
  - Tool: website_browsing
  - Arguments: {'link': 'https://www.uscourts.gov/about-federal-courts/court-role-and-structure'}
Reading this website: Court Role and Structure
 Content: Court Role and Structure

Article III of the U.S. Constitution establishes the judicial branch as on...
Search Agent wants to use tools: 1 call(s)
  - Tool: wikipedia_search
  - Arguments: {'query': 'judicial power courts judges'}
Search Agent wants to use tools: 1 call(s)
  - Tool: google_search
  - Arguments: {'query': 'who makes decisions in courts judges judicial power'}
Search Agent wants to use tools: 1 call(s)
  - Tool: website_browsing
  - Arguments: {'link': 'https://law.justia.com/constitution/us/article-3/08-judical-power.html'}
Reading this website: Judicial Power :: Article III. Judicial Department :: U.S. Constitution Annotated :: Justia
 Content:  Judicial Power :: Article III. Judicial Department :: U.S. Constitution Annotated :: Justia

SECTIO...
Short answer: Judges
Short answer: judges
Search Agent found an Answer: Judges

=== Processing Question 41, what are the ranks in the us navy?...     =====
Search Agent wants to use tools: 1 call(s)
  - Tool: google_search
  - Arguments: {'query': 'US Navy ranks list'}
Search Agent wants to use tools: 1 call(s)
  - Tool: website_browsing
  - Arguments: {'link': 'https://www.military.com/navy/ranks'}
Reading this website: Navy Ranks: A Complete Guide to Enlisted and Officer Ranks | Military.com
 Content: Navy Ranks: A Complete Guide to Enlisted and Officer Ranks

Enlisted sailors form the foundation of ...
Search Agent wants to use tools: 1 call(s)
  - Tool: website_browsing
  - Arguments: {'link': 'https://en.wikipedia.org/wiki/United_States_Navy_officer_rank_insignia'}
Reading this website: United States Navy officer rank insignia - Wikipedia
 Content: United States Navy officer rank insignia

From Wikipedia, the free encyclopedia

In the United State...
Search Agent wants to use tools: 1 call(s)
Agents reasoning:                           
  - Tool: google_search
  - Arguments: {'query': 'complete list of US Navy ranks enlisted officer warrant officer'}
Search Agent wants to use tools: 1 call(s)
  - Tool: website_browsing
  - Arguments: {'link': 'https://www.executivegov.com/articles/u-s-navy-ranks-list-of-ranking'}
Reading this website: What Are All of the U.S. Navy Ranks?
 Content: What Are All of the U.S. Navy Ranks?

The U.S. Navy is the most powerful in the world. It was founde...
Search Agent wants to use tools: 1 call(s)
  - Tool: website_browsing
  - Arguments: {'link': 'https://en.wikipedia.org/wiki/United_States_Navy_officer_rank_insignia#Warrant_officer_ranks'}
Reading this website: United States Navy officer rank insignia - Wikipedia
 Content: United States Navy officer rank insignia

From Wikipedia, the free encyclopedia

In the United State...
Short answer: Seaman Recruit, Seaman Apprentice, Seaman, Petty Officer Third Class, Petty Officer Second Class, Petty Officer First Class, Chief Petty Officer, Senior Chief Petty Officer, Master Chief Petty Officer, Warrant Officer 1, Chief Warrant Officer 2, Chief Warrant Officer 3, Chief Warrant Officer 4, Chief Warrant Officer 5, Ensign, Lieutenant Junior Grade, Lieutenant, Lieutenant Commander, Commander, Captain, Rear Admiral (Lower Half), Rear Admiral (Upper Half), Vice Admiral, Admiral, Fleet Admiral
Short answer: Enlisted: Seaman Recruit, Seaman Apprentice, Seaman, Petty Officer Third Class, Petty Officer Second Class, Petty Officer First Class, Chief Petty Officer, Senior Chief Petty Officer, Master Chief Petty Officer, Fleet/Force Master Chief Petty Officer, Master Chief Petty Officer of the Navy. Warrant Officer: Warrant Officer 1, Chief Warrant Officer 2, Chief Warrant Officer 3, Chief Warrant Officer 4, Chief Warrant Officer 5. Officer: Ensign, Lieutenant Junior Grade, Lieutenant, Lieutenant Commander, Commander, Captain, Rear Admiral Lower Half, Rear Admiral, Vice Admiral, Admiral, Fleet Admiral.
Search Agent found an Answer: Seaman Recruit, Seaman Apprentice, Seaman, Petty Officer Third Class, Petty Officer Second Class, Petty Officer First Class, Chief Petty Officer, Senior Chief Petty Officer, Master Chief Petty Officer, Warrant Officer 1, Chief Warrant Officer 2, Chief Warrant Officer 3, Chief Warrant Officer 4, Chief Warrant Officer 5, Ensign, Lieutenant Junior Grade, Lieutenant, Lieutenant Commander, Commander, Captain, Rear Admiral (Lower Half), Rear Admiral (Upper Half), Vice Admiral, Admiral, Fleet Admiral

=== Processing Question 42, i was a great islamic scholar and mathematician wh...     =====
Search Agent wants to use tools: 1 call(s)
  - Tool: google_search
  - Arguments: {'query': 'Islamic scholar mathematician died 1131 CE'}
Search Agent wants to use tools: 1 call(s)
  - Tool: website_browsing
  - Arguments: {'link': 'https://www.britannica.com/biography/Omar-Khayyam-Persian-poet-and-astronomer'}
Reading this website: Omar Khayyam | Persian Poet, Astronomer & Mathematician | Britannica
 Content: Omar Khayyam | Persian Poet, Astronomer & Mathematician

Omar Khayyam (born May 18, 1048, Neyshābūr ...
Short answer: Omar Khayyam
Short answer: Omar Khayyam
Search Agent found an Answer: Omar Khayyam

=== Processing Question 43, who is the coach for the ottawa senators?...     =====
Search Agent wants to use tools: 1 call(s)
  - Tool: google_search
  - Arguments: {'query': 'Ottawa Senators coach 2024'}
Search Agent wants to use tools: 1 call(s)
  - Tool: website_browsing
  - Arguments: {'link': 'https://en.wikipedia.org/wiki/Travis_Green'}
Reading this website: Travis Green - Wikipedia
 Content: Travis Green

From Wikipedia, the free encyclopedia

For the American gospel musician and pastor, se...
Short answer: Travis Green
Short answer: Jacques Martin
Search Agent found an Answer: Travis Green

=== Processing Question 44, last episode of what happens to my family?...     =====
Search Agent wants to use tools: 1 call(s)
Agents reasoning:                       
  - Tool: google_search
  - Arguments: {'query': 'last episode of What Happens to My Family K-drama'}
Search Agent wants to use tools: 1 call(s)
  - Tool: website_browsing
  - Arguments: {'link': 'https://www.youtube.com/watch?v=JGPNsVTEaes'}
Reading this website: What Happens to My Family? | 가족끼리 왜 이래 - Ep.53 - The Final Episode(2015.03.01)
 Content: What Happens to My Family? | 가족끼리 왜 이래 - Ep.53 - The Final Episode(2015.03.01)

KBS WORLD TV • Mar 1...
Search Agent wants to use tools: 1 call(s)
  - Tool: google_search
  - Arguments: {'query': '"What Happens to My Family" final episode date KBS'}
Search Agent wants to use tools: 1 call(s)
  - Tool: wikipedia_search
  - Arguments: {'query': 'What Happens to My Family'}
Search Agent wants to use tools: 1 call(s)
  - Tool: website_browsing
  - Arguments: {'link': 'https://en.wikipedia.org/wiki/What_Happens_to_My_Family%3F'}
Reading this website: What Happens to My Family? - Wikipedia
 Content: What Happens to My Family?

From Wikipedia, the free encyclopedia

What Happens to My Family?
Promot...
Short answer: February 15, 2015
Short answer: September 2022
Search Agent found an Answer: February 15, 2015

=== Processing Question 45, when is the last time the vikings were in the nfc ...     =====
Short answer: January 24, 2018
Short answer: January 24, 2018
Search Agent found an Answer: January 24, 2018

=== Processing Question 46, what are the colors of the netherlands flag?...     =====
Search Agent wants to use tools: 1 call(s)
  - Tool: google_search
  - Arguments: {'query': 'Netherlands flag colors'}
Search Agent wants to use tools: 1 call(s)
  - Tool: website_browsing
  - Arguments: {'link': 'https://en.wikipedia.org/wiki/Flag_of_the_Netherlands'}
Reading this website: Flag of the Netherlands - Wikipedia
 Content: Flag of the Netherlands

Flag of the Kingdom of the Netherlands
Use          National flag and ensig...
Short answer: red, white, blue
Short answer: red, white, blue
Search Agent found an Answer: red, white, blue

=== Processing Question 47, where is lord's prayer found in bible?...     =====
Search Agent wants to use tools: 1 call(s)
  - Tool: google_search
  - Arguments: {'query': "Lord's Prayer location in Bible"}
Search Agent wants to use tools: 1 call(s)
  - Tool: website_browsing
  - Arguments: {'link': 'https://www.biblestudytools.com/topical-verses/the-lords-prayer-in-the-bible/'}
Reading this website: The Lord&#x27;s Prayer in the Bible: &quot;Our Father Who Art in Heaven&quot; | Bible Study Tools
 Content: The Lord's Prayer in the Bible: "Our Father Who Art in Heaven"

What is the Lord's Prayer?

In the G...
Short answer: Matthew 6:9-13 and Luke 11:2-4
Short answer: Matthew 6:9-13 and Luke 11:2-4
Search Agent found an Answer: Matthew 6:9-13 and Luke 11:2-4

=== Processing Question 48, when was the last time oklahoma won a national cha...     =====
Search Agent wants to use tools: 1 call(s)
  - Tool: google_search
  - Arguments: {'query': 'Oklahoma Sooners football national championship last won'}
Search Agent wants to use tools: 1 call(s)
  - Tool: website_browsing
  - Arguments: {'link': 'https://en.wikipedia.org/wiki/Oklahoma_Sooners_football'}
Reading this website: Oklahoma Sooners football - Wikipedia
 Content: Oklahoma Sooners football

First season              1895; 130 years ago
Athletic director         J...
Search Agent wants to use tools: 1 call(s)
Agents reasoning:                                                                    
  - Tool: google_search
  - Arguments: {'query': 'Oklahoma football national championship 2000 last championship'}
Short answer: 2000
Short answer: 2000
Search Agent found an Answer: 2000

=== Processing Question 49, location of the ten commandments in the bible?...     =====
Short answer: Exodus 20:1-17 and Deuteronomy 5:4-21
Short answer: Exodus 20:1-17 and Deuteronomy 5:4-21
Search Agent found an Answer: Exodus 20:1-17 and Deuteronomy 5:4-21

=== Processing Question 50, where did the allies go after north africa?...     =====
Search Agent wants to use tools: 1 call(s)
  - Tool: google_search
  - Arguments: {'query': 'Allies after North Africa campaign World War II where did they go'}
Search Agent wants to use tools: 1 call(s)
  - Tool: google_search
  - Arguments: {'query': 'Allies invasion of Sicily after North Africa 1943'}
Search Agent wants to use tools: 1 call(s)
  - Tool: wikipedia_search
  - Arguments: {'query': 'Allied invasion of Sicily'}
Search Agent wants to use tools: 1 call(s)
  - Tool: google_search
  - Arguments: {'query': 'Allies after North Africa campaign went to Italy invasion'}
Search Agent wants to use tools: 1 call(s)
  - Tool: website_browsing
  - Arguments: {'link': 'https://en.wikipedia.org/wiki/Allied_invasion_of_Italy'}
Reading this website: Allied invasion of Italy - Wikipedia
 Content: Allied invasion of Italy

The Allied invasion of Italy was the Allied amphibious landing on mainland...
Short answer: Sicily and Italy
Short answer: Sicily
Search Agent found an Answer: Sicily and Italy

=== Processing Question 51, what is the meaning of veronica in english?...     =====
Search Agent wants to use tools: 1 call(s)
  - Tool: google_search
  - Arguments: {'query': 'meaning of veronica in English'}
Search Agent wants to use tools: 1 call(s)
  - Tool: website_browsing
  - Arguments: {'link': 'https://www.dictionary.com/browse/veronica'}
Reading this website: Dictionary.com | Meanings & Definitions of English Words
 Content: VERONICA Definition & Meaning

noun

(sometimes initial capital letter)

 1. the image of the face o...
Search Agent wants to use tools: 1 call(s)
  - Tool: website_browsing
  - Arguments: {'link': 'https://www.thebump.com/b/veronica-baby-name'}
Reading this website: Veronica - Baby Name Meaning, Origin and Popularity
 Content: Veronica

Meaning:True image; She who brings victory

Veronica is a girl’s name of Latin origin, inf...
Short answer: true image
Short answer: true image
Search Agent found an Answer: true image

=== Processing Question 52, what is the name of the main artery which takes bl...     =====
Search Agent wants to use tools: 1 call(s)
  - Tool: google_search
  - Arguments: {'query': 'main artery takes blood from heart to body name'}
Search Agent wants to use tools: 1 call(s)
  - Tool: website_browsing
  - Arguments: {'link': 'https://en.wikipedia.org/wiki/Aorta'}
Reading this website: Aorta - Wikipedia
 Content: Aorta

From Wikipedia, the free encyclopedia

Aorta
Schematic view of the aorta and its segments
Bra...
Short answer: aorta
Short answer: aorta
Search Agent found an Answer: aorta

=== Processing Question 53, who played solomon in little house on the prairie?...     =====
Search Agent wants to use tools: 1 call(s)
  - Tool: google_search
  - Arguments: {'query': 'who played Solomon in Little House on the Prairie'}
Search Agent wants to use tools: 1 call(s)
  - Tool: website_browsing
  - Arguments: {'link': 'https://www.imdb.com/name/nm0004775/'}
Reading this website: Todd Bridges - IMDb
 Content: Todd Bridges

* Biography
 * Awards
 * Trivia
 * FAQ

 * Actor
 * Producer
 * Director

Play trailer...
Search Agent wants to use tools: 1 call(s)
Agents reasoning:                                   
  - Tool: google_search
  - Arguments: {'query': '"Solomon" Little House on the Prairie actor'}
Search Agent wants to use tools: 1 call(s)
  - Tool: website_browsing
  - Arguments: {'link': 'https://en.wikipedia.org/wiki/Todd_Bridges'}
Reading this website: Todd Bridges - Wikipedia
 Content: Todd Bridges

From Wikipedia, the free encyclopedia

Todd Bridges
Bridges at the Chiller Theatre Exp...
Short answer: Todd Bridges
Short answer: Stan Ivar
Search Agent found an Answer: Todd Bridges

=== Processing Question 54, who does eric end up with in that 70s show?...     =====
Short answer: Donna Pinciotti
Short answer: Donna Pinciotti
Search Agent found an Answer: Donna Pinciotti

=== Processing Question 55, an object that moves around an external axis is sa...     =====
Search Agent wants to use tools: 1 call(s)
  - Tool: google_search
  - Arguments: {'query': 'object moves around external axis term'}
Search Agent wants to use tools: 1 call(s)
  - Tool: website_browsing
  - Arguments: {'link': 'https://quizlet.com/430910016/physics-unit-3-section-22-flash-cards/'}
Reading this website: Physics Unit 3 section 2.2 Flashcards
 Content: hello quizlet

Study tools
Subjects


Create

Save


Physics Unit 3 section 2.2


Get a hint

An obj...
Short answer: Revolution
Short answer: revolving
Search Agent found an Answer: Revolution

=== Processing Question 56, architectural elements forming rib vaults eg wells...     =====
Search Agent wants to use tools: 1 call(s)
  - Tool: google_search
  - Arguments: {'query': 'architectural elements forming rib vaults Wells Cathedral'}
Search Agent wants to use tools: 1 call(s)
  - Tool: website_browsing
  - Arguments: {'link': 'https://www.danword.com/crossword/Architectural_elements_forming_rib_vaults_such_as'}
Reading this website: Architectural elements forming rib vaults such as those in Wells Cathedral - crossword puzzle clues & answers - Dan Word
 Content: Architectural elements forming rib vaults such as those in Wells Cathedral - crossword puzzle clues ...
Search Agent wants to use tools: 1 call(s)
  - Tool: website_browsing
  - Arguments: {'link': 'https://www.wordplays.com/crossword-solver/architectural-elements-forming-rib-vaults-such-as-those-in-wells-cathedral-(7)'}
Reading this website: architectural elements forming rib vaults such as those in wells cathedral (7) Crossword Clue | Wordplays.com
 Content: architectural elements forming rib vaults such as those in wells cathedral  (7) Crossword Clue

Sign...
Search Agent wants to use tools: 1 call(s)
Agents reasoning:                         
  - Tool: google_search
  - Arguments: {'query': '"Architectural elements forming rib vaults" crossword answer'}
Search Agent wants to use tools: 1 call(s)
  - Tool: website_browsing
  - Arguments: {'link': 'https://www.wordplays.com/crossword-solver/Architectural-elements-forming-rib-vaults-such-as-those-in-Wells-Cathedral-(7)'}
Reading this website: Architectural elements forming rib vaults such as those in Wells Cathedral (7) Crossword Clue | Wordplays.com
 Content: Architectural elements forming rib vaults such as those in Wells Cathedral  (7) Crossword Clue

Sign...
Search Agent wants to use tools: 1 call(s)
  - Tool: google_search
  - Arguments: {'query': '"Architectural elements forming rib vaults" 7 letters answer'}
Search Agent wants to use tools: 1 call(s)
  - Tool: website_browsing
  - Arguments: {'link': 'https://www.wordplays.com/crossword-solver/Architectural-elements-forming-rib-vaults.-(7)'}
Reading this website: Architectural elements forming rib vaults. (7) Crossword Clue | Wordplays.com
 Content: Architectural elements forming rib vaults.  (7) Crossword Clue

Sign in or create an account

 * 🔹  ...
Search Agent wants to use tools: 1 call(s)
  - Tool: google_search
  - Arguments: {'query': '"LIERNES" rib vault architectural elements'}
Short answer: pointed arches, ribs, keystones
Search Agent found an Answer: Error: Max steps reached without answer

=== Processing Question 57, who sang the song good morning good morning?...     =====
Search Agent wants to use tools: 1 call(s)
  - Tool: google_search
  - Arguments: {'query': '"good morning good morning" song singer'}
Search Agent wants to use tools: 1 call(s)
  - Tool: wikipedia_search
  - Arguments: {'query': 'Good Morning Good Morning Beatles'}
Short answer: The Beatles
Short answer: The Beatles
Search Agent found an Answer: The Beatles

=== Processing Question 58, who wrote papa got a brand new bag?...     =====
Search Agent wants to use tools: 1 call(s)
  - Tool: google_search
  - Arguments: {'query': '"Papa Got a Brand New Bag" writer'}
Search Agent wants to use tools: 1 call(s)
  - Tool: website_browsing
  - Arguments: {'link': 'https://en.wikipedia.org/wiki/Papa%27s_Got_a_Brand_New_Bag'}
Reading this website: Papa's Got a Brand New Bag - Wikipedia
 Content: Papa's Got a Brand New Bag

From Wikipedia, the free encyclopedia

"Papa's Got a Brand New Bag" is a...
Short answer: James Brown
Short answer: James Brown
Search Agent found an Answer: James Brown

=== Processing Question 59, where does a roadrunner live in the desert?...     =====
Short answer: Southwestern United States and Mexico
Short answer: Southwestern United States and Mexico
Search Agent found an Answer: Southwestern United States and Mexico

=== Processing Question 60, who wrote it's a long long way to pasadena?...     =====
Search Agent wants to use tools: 1 call(s)
  - Tool: google_search
  - Arguments: {'query': '"It\'s a long long way to Pasadena" writer author'}
Search Agent wants to use tools: 1 call(s)
  - Tool: google_search
  - Arguments: {'query': '"It\'s a Long Long Way to Pasadena" song writer composer'}
Search Agent wants to use tools: 1 call(s)
  - Tool: google_search
  - Arguments: {'query': '"It\'s a Long Long Way to Pasadena" John Paul Young writer'}
Search Agent wants to use tools: 1 call(s)
  - Tool: wikipedia_search
  - Arguments: {'query': 'John Paul Young Pasadena song'}
Search Agent wants to use tools: 1 call(s)
  - Tool: website_browsing
  - Arguments: {'link': 'https://en.wikipedia.org/wiki/Pasadena_(song)'}
Reading this website: Pasadena (disambiguation) - Wikipedia
 Content: Pasadena (disambiguation)

From Wikipedia, the free encyclopedia

(Redirected from Pasadena (song))
...
Search Agent wants to use tools: 1 call(s)
  - Tool: website_browsing
  - Arguments: {'link': 'https://en.wikipedia.org/wiki/John_Paul_Young'}
Reading this website: John Paul Young - Wikipedia
 Content: John Paul Young

OAM
John Paul Young at the 2014 ARIA Music Awards, Sydney,
November 2014
Background...
Search Agent wants to use tools: 1 call(s)
Agents reasoning:                                     
  - Tool: google_search
  - Arguments: {'query': '"Pasadena" John Paul Young writers George Young Harry Vanda David Hemmings'}
Short answer: George Young, Harry Vanda, and David Hemmings
Short answer: The Byrds
Search Agent found an Answer: George Young, Harry Vanda, and David Hemmings

=== Processing Question 61, what's the dog's name on tom and jerry?...     =====
Search Agent wants to use tools: 1 call(s)
Agents reasoning:                          
  - Tool: google_search
  - Arguments: {'query': 'dog name Tom and Jerry cartoon'}
Search Agent wants to use tools: 1 call(s)
  - Tool: website_browsing
  - Arguments: {'link': 'https://en.wikipedia.org/wiki/Spike_and_Tyke_(characters)'}
Reading this website: Spike and Tyke (characters) - Wikipedia
 Content: Spike and Tyke (characters)

From Wikipedia, the free encyclopedia

Spike and Tyke
Spike (left) with...
Short answer: Spike
Short answer: Spike
Search Agent found an Answer: Spike

=== Processing Question 62, who are nominated for president of india 2017?...     =====
Search Agent wants to use tools: 1 call(s)
  - Tool: google_search
  - Arguments: {'query': 'president of India 2017 election nominees candidates'}
Search Agent wants to use tools: 1 call(s)
  - Tool: website_browsing
  - Arguments: {'link': 'https://en.wikipedia.org/wiki/2017_Indian_presidential_election'}
Reading this website: 2017 Indian presidential election - Wikipedia
 Content: 2017 Indian presidential election

From Wikipedia, the free encyclopedia

--------------------------...
Short answer: Ram Nath Kovind and Meira Kumar
Short answer: Ram Nath Kovind
Search Agent found an Answer: Ram Nath Kovind and Meira Kumar

=== Processing Question 63, where does the path train stop in newark?...     =====
Search Agent wants to use tools: 1 call(s)
  - Tool: google_search
  - Arguments: {'query': 'PATH train stops Newark'}
Search Agent wants to use tools: 1 call(s)
  - Tool: website_browsing
  - Arguments: {'link': 'https://www.panynj.gov/path/en/stations.html'}
Reading this website: Stations
 Content: Stations

PATH Stations


PATH services a total of 13 stations – 7 in New Jersey and 6 in New York.
...
Search Agent wants to use tools: 1 call(s)
  - Tool: website_browsing
  - Arguments: {'link': 'https://www.panynj.gov/path/en/stations/newark.html'}
An error occurred: 'str' object has no attribute 'get'
Short answer: Newark Penn Station
Search Agent found an Answer: Error: Max steps reached without answer

=== Processing Question 64, where does route 66 start on the west coast?...     =====
Short answer: Santa Monica, California
Short answer: Santa Monica
Search Agent found an Answer: Santa Monica, California

=== Processing Question 65, who is the first wife on sister wives?...     =====
Search Agent wants to use tools: 1 call(s)
  - Tool: google_search
  - Arguments: {'query': 'first wife on Sister Wives'}
Search Agent wants to use tools: 1 call(s)
  - Tool: website_browsing
  - Arguments: {'link': 'https://people.com/sister-wives-family-everything-to-know-11718017'}
Reading this website: &#39;Sister Wives&#39; Family: A Guide to Their Former Marriages and 18 Children
 Content: Skip to content
PEOPLE
 * Search
   Please fill out this field.
 * Log In
 * My Account
    * Log Ou...
Search Agent wants to use tools: 1 call(s)
  - Tool: wikipedia_search
  - Arguments: {'query': 'Sister Wives first wife'}
Short answer: Meri Brown
Short answer: Meri Brown
Search Agent found an Answer: Meri Brown

=== Processing Question 66, when did houston go to the american league?...     =====
Short answer: 2013
Short answer: 2013
Search Agent found an Answer: 2013

=== Processing Question 67, when did they stop cigarette advertising on televi...     =====
Search Agent wants to use tools: 1 call(s)
  - Tool: google_search
  - Arguments: {'query': 'when did cigarette advertising stop on television'}
Search Agent wants to use tools: 1 call(s)
  - Tool: website_browsing
  - Arguments: {'link': 'https://en.wikipedia.org/wiki/Regulation_of_nicotine_marketing'}
Reading this website: Regulation of nicotine marketing - Wikipedia
 Content: Regulation of nicotine marketing

As nicotine is highly addictive,[1] marketing nicotine-containing ...
Search Agent wants to use tools: 1 call(s)
  - Tool: google_search
  - Arguments: {'query': 'cigarette advertising ban television 1971 January 2'}
Search Agent wants to use tools: 1 call(s)
  - Tool: website_browsing
  - Arguments: {'link': 'https://www.aei.org/articles/how-smoking-increased-when-tv-advertising-of-cigarettes-was-banned/'}
Reading this website: How Smoking Increased When TV Advertising of Cigarettes Was Banned | American Enterprise Institute - AEI
 Content: How Smoking Increased When TV Advertising of Cigarettes Was Banned | American Enterprise Institute

...
Short answer: January 2 1971
Short answer: 1971
Search Agent found an Answer: January 2 1971

=== Processing Question 68, coldplay song i will try to fix you?...     =====
Search Agent wants to use tools: 1 call(s)
Agents reasoning:                            
  - Tool: google_search
  - Arguments: {'query': 'Coldplay song "I Will Try to Fix You"'}
Search Agent wants to use tools: 1 call(s)
  - Tool: wikipedia_search
  - Arguments: {'query': 'Coldplay Fix You song'}
Short answer: Fix You
Short answer: Fix You
Search Agent found an Answer: Fix You

=== Processing Question 69, points on a sphere or angles in a circle are measu...     =====
Search Agent wants to use tools: 1 call(s)
  - Tool: google_search
  - Arguments: {'query': 'units for measuring points on a sphere or angles in a circle'}
Search Agent wants to use tools: 1 call(s)
  - Tool: wikipedia_search
  - Arguments: {'query': 'units for measuring angles'}
Search Agent wants to use tools: 1 call(s)
  - Tool: website_browsing
  - Arguments: {'link': 'https://en.wikipedia.org/wiki/Angle'}
Reading this website: Angle - Wikipedia
 Content: Angle

Not to be confused with Angel.

In geometry, an angle is formed by two lines that meet at a p...
Search Agent wants to use tools: 1 call(s)
  - Tool: google_search
  - Arguments: {'query': '"points on a sphere" measured in what units'}
Search Agent wants to use tools: 1 call(s)
  - Tool: website_browsing
  - Arguments: {'link': 'https://brainly.com/question/13812664'}
Reading this website: [FREE] Points on a sphere or angles in a circle are measured in units called what? - brainly.com
 Content: [FREE] Points on a sphere or angles in a circle are measured in units called what?

In the word sear...
Search Agent wants to use tools: 1 call(s)
  - Tool: google_search
  - Arguments: {'query': '"points on a sphere or angles in a circle" units'}
Search Agent wants to use tools: 1 call(s)
  - Tool: website_browsing
  - Arguments: {'link': 'https://math.answers.com/other-math/The_units_that_angles_are_measured_with_are_called'}
Reading this website: The units that angles are measured with are called? - Answers
 Content: The units that angles are measured with are called?

0

Subjects>Math>Other Math


The units that an...
Short answer: degrees
Short answer: degrees
Search Agent found an Answer: degrees

=== Processing Question 70, the oligodynamic effect is a phenomenon that descr...     =====
Search Agent wants to use tools: 1 call(s)
  - Tool: google_search
  - Arguments: {'query': 'oligodynamic effect phenomenon describes'}
Search Agent wants to use tools: 1 call(s)
  - Tool: website_browsing
  - Arguments: {'link': 'https://en.wikipedia.org/wiki/Oligodynamic_effect'}
Reading this website: Oligodynamic effect - Wikipedia
 Content: Oligodynamic effect

From Wikipedia, the free encyclopedia

The oligodynamic effect (from Greek olig...
Short answer: biocidal effect of metals especially heavy metals in low concentrations
Short answer: antimicrobial effect of metals
Search Agent found an Answer: biocidal effect of metals especially heavy metals in low concentrations

=== Processing Question 71, where does the white witch live in narnia?...     =====
Search Agent wants to use tools: 1 call(s)
  - Tool: google_search
  - Arguments: {'query': 'White Witch Narnia where does she live'}
Search Agent wants to use tools: 1 call(s)
  - Tool: website_browsing
  - Arguments: {'link': 'https://en.wikipedia.org/wiki/White_Witch'}
Reading this website: White Witch - Wikipedia
 Content: White Witch

Jadis, the White Witch
Narnia character
Jadis, the White Witch with Maugrim and a black...
Search Agent wants to use tools: 1 call(s)
  - Tool: website_browsing
  - Arguments: {'link': 'https://narnia.fandom.com/wiki/Jadis%27_Courtyard'}
Reading this website: Jadis' Courtyard | The Chronicles of Narnia Wiki | Fandom
 Content: Jadis' Courtyard | The Chronicles of Narnia Wiki

Jadis' Courtyard was an area of the castle, in whi...
Search Agent wants to use tools: 1 call(s)
  - Tool: google_search
  - Arguments: {'query': 'White Witch castle location Narnia where does she live'}
Search Agent wants to use tools: 1 call(s)
  - Tool: website_browsing
  - Arguments: {'link': 'https://narnia.fandom.com/wiki/Jadis%27_Castle_(Walden)'}
Reading this website: The White Witch's Castle | The Chronicles of Narnia Wiki | Fandom
 Content: The White Witch's Castle | The Chronicles of Narnia Wiki

"Every stick and stone you see, every icic...
Search Agent wants to use tools: 1 call(s)
  - Tool: wikipedia_search
  - Arguments: {'query': 'White Witch Narnia castle location'}
Search Agent wants to use tools: 1 call(s)
  - Tool: google_search
  - Arguments: {'query': '"White Witch" "castle" Narnia "where does she live"'}
Search Agent wants to use tools: 1 call(s)
  - Tool: google_search
  - Arguments: {'query': 'White Witch residence Narnia castle'}
Short answer: Charn
Search Agent found an Answer: Error: Max steps reached without answer

=== Processing Question 72, how many games in a row have the uconn women's bas...     =====
Search Agent wants to use tools: 1 call(s)
  - Tool: google_search
  - Arguments: {'query': "UConn women's basketball team current winning streak games in a row"}
Search Agent wants to use tools: 1 call(s)
Agents reasoning:                                              
  - Tool: google_search
  - Arguments: {'query': "UConn women's basketball current winning streak 2024 2025 season"}
Search Agent wants to use tools: 1 call(s)
  - Tool: website_browsing
  - Arguments: {'link': 'https://en.wikipedia.org/wiki/2024%E2%80%9325_UConn_Huskies_women%27s_basketball_team'}
Reading this website: 2024–25 UConn Huskies women's basketball team - Wikipedia
 Content: 2024–25 UConn Huskies women's basketball team

From Wikipedia, the free encyclopedia

2024–25 UConn ...
Search Agent wants to use tools: 1 call(s)
Agents reasoning:                                                                 
  - Tool: google_search
  - Arguments: {'query': "UConn women's basketball current win streak 2025 latest games"}
Search Agent wants to use tools: 1 call(s)
  - Tool: website_browsing
  - Arguments: {'link': 'https://www.espn.com/womens-college-basketball/team/_/id/41/uconn-huskies'}
Reading this website: UConn Huskies Scores, Stats and Highlights - ESPN
 Content: UConn Huskies Scores, Stats and Highlights

2025-26 Schedule


Huskies


NCAAW


Huskies


NCAAW


H...
Search Agent wants to use tools: 1 call(s)
  - Tool: google_search
  - Arguments: {'query': '"UConn women\'s basketball" "winning streak" "games in a row" current'}
Search Agent wants to use tools: 1 call(s)
  - Tool: google_search
  - Arguments: {'query': "UConn women's basketball current streak 2025 season wins consecutive"}
Search Agent wants to use tools: 1 call(s)
  - Tool: website_browsing
  - Arguments: {'link': 'https://herhoopstats.substack.com/p/tulins-treasures-dec-2-2025-who-hands-uconn-a-loss'}
Reading this website: Tulin's Treasures: Who, if Anyone, Hands UConn a Loss?
 Content: Tulin's Treasures: Who, if Anyone, Hands UConn a Loss?

Thanks for reading the Her Hoop Stats newsle...
Short answer: twenty
Search Agent found an Answer: Error: Max steps reached without answer

=== Processing Question 73, is there a name for the at symbol?...     =====
Search Agent wants to use tools: 1 call(s)
  - Tool: google_search
  - Arguments: {'query': 'name for the at symbol'}
Search Agent wants to use tools: 1 call(s)
  - Tool: wikipedia_search
  - Arguments: {'query': 'at sign'}
Short answer: at sign
Short answer: commercial at
Search Agent found an Answer: at sign

=== Processing Question 74, who sings the theme song for the tv show cops?...     =====
Short answer: Inner Circle
Short answer: Inner Circle
Search Agent found an Answer: Inner Circle

=== Processing Question 75, when was corporal punishment banned in south afric...     =====
Search Agent wants to use tools: 1 call(s)
  - Tool: google_search
  - Arguments: {'query': 'corporal punishment banned South Africa date'}
Search Agent wants to use tools: 1 call(s)
  - Tool: website_browsing
  - Arguments: {'link': 'https://www.gov.za/documents/abolition-corporal-punishment-act'}
Reading this website: Abolition of Corporal Punishment Act 33 of 1997 | South African Government
 Content: Abolition of Corporal Punishment Act 33 of 1997

Skip to main content
Search gov.za
Search


Keyword...
Search Agent wants to use tools: 1 call(s)
  - Tool: website_browsing
  - Arguments: {'link': 'https://endcorporalpunishment.org/south-africa-prohibits-all-corporal-punishment/'}
Reading this website: South Africa prohibits all corporal punishment of children - End Corporal Punishment of Children
 Content: South Africa prohibits all corporal punishment of children

Updated 31 October 2019 to clarify the r...
Short answer: September 2019
Short answer: 1997
Search Agent found an Answer: September 2019

=== Processing Question 76, who plays captain phasma in star wars the force aw...     =====
Short answer: Gwendoline Christie
Short answer: Gwendoline Christie
Search Agent found an Answer: Gwendoline Christie

=== Processing Question 77, who sings she's like the wind lyrics?...     =====
Search Agent wants to use tools: 1 call(s)
  - Tool: google_search
  - Arguments: {'query': "who sings she's like the wind lyrics"}
Search Agent wants to use tools: 1 call(s)
  - Tool: website_browsing
  - Arguments: {'link': 'https://genius.com/Patrick-swayze-shes-like-the-wind-lyrics'}
Reading this website: Patrick Swayze – She's Like the Wind Lyrics | Genius Lyrics
 Content: Patrick Swayze – She's Like the Wind Lyrics

[Verse 1: Patrick Swayze]
She's like the wind
Through m...
Short answer: Patrick Swayze
Short answer: Patrick Swayze
Search Agent found an Answer: Patrick Swayze

=== Processing Question 78, when did marathon change its name to snickers?...     =====
Search Agent wants to use tools: 1 call(s)
  - Tool: google_search
  - Arguments: {'query': 'Marathon candy bar name change to Snickers'}
Search Agent wants to use tools: 1 call(s)
  - Tool: website_browsing
  - Arguments: {'link': 'https://www.snickers.com/mena/en/our-story'}
Reading this website: Facts About SNICKERS® | Candy Bar History and Contact
 Content: Facts About SNICKERS®

1930


The very first SNICKERS Bar, named after the family horse, was manufac...
Short answer: 1990
Short answer: 1990
Search Agent found an Answer: 1990

=== Processing Question 79, who captained the first european ship to sail arou...     =====
Short answer: Bartolomeu Dias
Short answer: Bartolomeu Dias
Search Agent found an Answer: Bartolomeu Dias

=== Processing Question 80, who ordered the forbidden city to be built?...     =====
Search Agent wants to use tools: 1 call(s)
  - Tool: google_search
  - Arguments: {'query': 'who ordered the forbidden city to be built'}
Search Agent wants to use tools: 1 call(s)
  - Tool: website_browsing
  - Arguments: {'link': 'https://en.wikipedia.org/wiki/Forbidden_City'}
Reading this website: Forbidden City - Wikipedia
 Content: Forbidden City

The Forbidden City viewed from Jingshan Hill
Location within Beijing

Forbidden City...
Search Agent wants to use tools: 1 call(s)
  - Tool: website_browsing
  - Arguments: {'link': 'https://www.travelchinaguide.com/who-built-forbidden-city.htm'}
Reading this website: Who Built the Forbidden City? Ming Emperor Zhu Di Ordered
 Content: Who Built the Forbidden City? Ming Emperor Zhu Di Ordered

Forbidden City, the home of emperors in M...
Short answer: Zhu Di
Short answer: Yongle Emperor
Search Agent found an Answer: Zhu Di

=== Processing Question 81, who sang let me tell you about the birds and the b...     =====
Search Agent wants to use tools: 1 call(s)
  - Tool: google_search
  - Arguments: {'query': '"let me tell you about the birds and the bees" song'}
Search Agent wants to use tools: 1 call(s)
  - Tool: website_browsing
  - Arguments: {'link': 'https://www.youtube.com/watch?v=n-n-BeG4txo'}
Reading this website: The Birds And The Bees 📀 Jewel Akens {Stereo} 1965
 Content: The Birds And The Bees 📀 Jewel Akens {Stereo} 1965

Smurfstools Oldies Music Time Machine • Oct 13, ...
Search Agent wants to use tools: 1 call(s)
  - Tool: wikipedia_search
  - Arguments: {'query': '"The Birds and the Bees" song Jewel Akens'}
Short answer: Jewel Akens
Short answer: The Jewel Akens
Search Agent found an Answer: Jewel Akens

=== Processing Question 82, who has the power to approve or veto legislation c...     =====
Search Agent wants to use tools: 1 call(s)
  - Tool: google_search
  - Arguments: {'query': 'who has power to approve or veto legislation constitution'}
Search Agent wants to use tools: 1 call(s)
  - Tool: website_browsing
  - Arguments: {'link': 'https://constitution.congress.gov/browse/essay/artI-S7-C2-1/ALDE_00013644/'}
Reading this website: Overview of Presidential Approval or Veto of Bills | Constitution Annotated | Congress.gov | Library of Congress
 Content: Overview of Presidential Approval or Veto of Bills | Constitution Annotated | Congress.gov

Article ...
Search Agent wants to use tools: 1 call(s)
  - Tool: wikipedia_search
  - Arguments: {'query': 'veto power United States Constitution'}
Short answer: President of the United States
Short answer: President of the United States
Search Agent found an Answer: President of the United States

=== Processing Question 83, how many seasons of the rugrats are there?...     =====
Short answer: nine
Short answer: nine
Search Agent found an Answer: nine

=== Processing Question 84, who is the minister of local government in zimbabw...     =====
Search Agent wants to use tools: 1 call(s)
  - Tool: google_search
  - Arguments: {'query': 'minister of local government Zimbabwe'}
Search Agent wants to use tools: 1 call(s)
  - Tool: website_browsing
  - Arguments: {'link': 'https://en.wikipedia.org/wiki/Ministry_of_Local_Government_and_Public_Works_(Zimbabwe)'}
Reading this website: Ministry of Local Government and Public Works (Zimbabwe) - Wikipedia
 Content: Ministry of Local Government and Public Works (Zimbabwe)

Ministry overview
Preceding Ministry      ...
Short answer: Daniel Garwe
Short answer: Winston Chitando
Search Agent found an Answer: Daniel Garwe

=== Processing Question 85, what was the initial effect of the transition from...     =====
Search Agent wants to use tools: 1 call(s)
  - Tool: google_search
  - Arguments: {'query': 'initial effect transition command to market economies Eastern Europe'}
Search Agent wants to use tools: 1 call(s)
  - Tool: website_browsing
  - Arguments: {'link': 'https://quizlet.com/explanations/questions/what-was-the-initial-effect-of-the-transition-from-command-to-market-economies-in-eastern-europe-bc7b157d-e78da386-64af-4b3e-9e9c-84a3b5bc38ed'}
Reading this website: 
 Content: What was the initial effect of the transition from command t

The transition from command to market ...
Search Agent wants to use tools: 1 call(s)
  - Tool: website_browsing
  - Arguments: {'link': 'https://www.gauthmath.com/solution/1793447442573333/8-What-was-the-initial-effect-of-the-transition-from-command-to-market-economies'}
Reading this website: Solved: What was the initial effect of the transition from command to market economies in Eastern  [Others]
 Content: Solved: What was the initial effect of the transition from command to market economies in Eastern  [...
Search Agent wants to use tools: 1 call(s)
  - Tool: wikipedia_search
  - Arguments: {'query': 'transition from command to market economy Eastern Europe initial effects'}
Short answer: unemployment and prices rose
Short answer: economic decline
Search Agent found an Answer: unemployment and prices rose

=== Processing Question 86, when did toyota start making cars in the us?...     =====
Short answer: 1988
Short answer: 1986
Search Agent found an Answer: 1988

=== Processing Question 87, how many pieces in a terry's chocolate orange?...     =====
Search Agent wants to use tools: 1 call(s)
  - Tool: google_search
  - Arguments: {'query': "Terry's Chocolate Orange pieces count"}
Search Agent wants to use tools: 1 call(s)
Agents reasoning:                   
  - Tool: google_search
  - Arguments: {'query': '"Terry\'s Chocolate Orange" how many segments pieces'}
Search Agent wants to use tools: 1 call(s)
  - Tool: wikipedia_search
  - Arguments: {'query': "Terry's Chocolate Orange"}
Search Agent wants to use tools: 1 call(s)
  - Tool: website_browsing
  - Arguments: {'link': 'https://en.wikipedia.org/wiki/Terry%27s_Chocolate_Orange'}
Reading this website: Terry's Chocolate Orange - Wikipedia
 Content: Terry's Chocolate Orange

From Wikipedia, the free encyclopedia


Product type      Confection
Owner...
Short answer: twenty
Short answer: twenty
Search Agent found an Answer: twenty

=== Processing Question 88, who plays the saint of killers on preacher?...     =====
Search Agent wants to use tools: 1 call(s)
  - Tool: google_search
  - Arguments: {'query': 'who plays the saint of killers on preacher'}
Search Agent wants to use tools: 1 call(s)
  - Tool: website_browsing
  - Arguments: {'link': 'https://en.wikipedia.org/wiki/Graham_McTavish'}
Reading this website: Graham McTavish - Wikipedia
 Content: Graham McTavish

From Wikipedia, the free encyclopedia

Graham McTavish
McTavish at the 2019 GalaxyC...
Short answer: Graham McTavish
Short answer: Graham McTavish
Search Agent found an Answer: Graham McTavish

=== Processing Question 89, when did the royal proclamation of 1763 end?...     =====
Search Agent wants to use tools: 1 call(s)
Agents reasoning:                     
  - Tool: google_search
  - Arguments: {'query': 'Royal Proclamation of 1763 end date'}
Search Agent wants to use tools: 1 call(s)
  - Tool: google_search
  - Arguments: {'query': 'when did Royal Proclamation of 1763 expire end termination'}
Search Agent wants to use tools: 1 call(s)
  - Tool: website_browsing
  - Arguments: {'link': 'https://www.quora.com/When-was-the-Proclamation-of-1763-repealed'}
Reading this website: When was the Proclamation of 1763 repealed? - Quora
 Content: When was the Proclamation of 1763 repealed?

It’s always good to start with a map:


This represents...
Search Agent wants to use tools: 1 call(s)
  - Tool: google_search
  - Arguments: {'query': '"Royal Proclamation of 1763" repealed ended 1768'}
Search Agent wants to use tools: 1 call(s)
  - Tool: wikipedia_search
  - Arguments: {'query': 'Royal Proclamation of 1763'}
Search Agent wants to use tools: 1 call(s)
  - Tool: website_browsing
  - Arguments: {'link': 'https://en.wikipedia.org/wiki/Royal_Proclamation_of_1763'}
Reading this website: Royal Proclamation of 1763 - Wikipedia
 Content: Royal Proclamation of 1763

From Wikipedia, the free encyclopedia

"Indian Magna Carta" redirects he...
Search Agent wants to use tools: 1 call(s)
Agents reasoning:                                
  - Tool: google_search
  - Arguments: {'query': '"Royal Proclamation of 1763" ended when "American Revolutionary War"'}
Search Agent wants to use tools: 1 call(s)
  - Tool: website_browsing
  - Arguments: {'link': 'https://thecanadianencyclopedia.ca/en/article/royal-proclamation-of-1763'}
Reading this website: Royal Proclamation of 1763
 Content: Royal Proclamation of 1763

The Royal Proclamation of 1763 was issued by King George III on 7 Octobe...
Short answer: 1763
Search Agent found an Answer: Error: Max steps reached without answer

=== Processing Question 90, who is playing the halftime show at super bowl 201...     =====
Search Agent wants to use tools: 1 call(s)
  - Tool: google_search
  - Arguments: {'query': 'Super Bowl 2016 halftime show performer'}
Search Agent wants to use tools: 1 call(s)
  - Tool: wikipedia_search
  - Arguments: {'query': 'Super Bowl 50 halftime show'}
Short answer: Coldplay with Beyoncé and Bruno Mars
Short answer: Coldplay, Beyoncé, Bruno Mars
Search Agent found an Answer: Coldplay with Beyoncé and Bruno Mars

=== Processing Question 91, jonny cash one piece at a time car?...     =====
Search Agent wants to use tools: 1 call(s)
Agents reasoning:                               
  - Tool: google_search
  - Arguments: {'query': 'Johnny Cash One Piece at a Time car'}
Search Agent wants to use tools: 1 call(s)
  - Tool: website_browsing
  - Arguments: {'link': 'https://en.wikipedia.org/wiki/One_Piece_at_a_Time'}
Reading this website: One Piece at a Time - Wikipedia
 Content: One Piece at a Time

From Wikipedia, the free encyclopedia

"One Piece at a Time" is a country novel...
Search Agent wants to use tools: 1 call(s)
  - Tool: website_browsing
  - Arguments: {'link': 'https://www.atlasobscura.com/places/johnny-cash-s-one-piece-at-a-time-cadillac'}
Reading this website: Johnny Cash’s “One Piece at a Time” Cadillac - Atlas Obscura
 Content: Johnny Cash’s “One Piece at a Time” Cadillac

About

Plenty of songs have been inspired by cars: Wil...
Short answer: Cadillac
Short answer: Cadillac
Search Agent found an Answer: Cadillac

=== Processing Question 92, what is the minimum wage in france per hour?...     =====
Short answer: €11.65 per hour
Short answer: €11.65
Search Agent found an Answer: €11.65 per hour

=== Processing Question 93, describe the three phases of the normal blood clot...     =====
Search Agent wants to use tools: 1 call(s)
  - Tool: google_search
  - Arguments: {'query': 'three phases of normal blood clotting process'}
Search Agent wants to use tools: 1 call(s)
  - Tool: website_browsing
  - Arguments: {'link': 'https://courses.lumenlearning.com/suny-ap2/chapter/hemostasis/'}
Reading this website: Hemostasis | Anatomy and Physiology II
 Content: Hemostasis

Learning Objectives

By the end of this section, you will be able to:

 * Describe the t...
Search Agent wants to use tools: 1 call(s)
  - Tool: website_browsing
  - Arguments: {'link': 'https://my.clevelandclinic.org/health/symptoms/21999-hemostasis'}
Reading this website: Hemostasis: What It Is &amp; Stages
 Content: Hemostasis: What It Is & Stages

What triggers hemostasis?

An injury triggers hemostasis. Your body...
Short answer: Vascular spasm, Platelet plug formation, Coagulation
Short answer: vascular spasm, platelet plug formation, coagulation
Search Agent found an Answer: Vascular spasm, Platelet plug formation, Coagulation

=== Processing Question 94, when did amnesia the dark descent come out?...     =====
Search Agent wants to use tools: 1 call(s)
  - Tool: google_search
  - Arguments: {'query': 'Amnesia The Dark Descent release date'}
Search Agent wants to use tools: 1 call(s)
  - Tool: website_browsing
  - Arguments: {'link': 'https://en.wikipedia.org/wiki/Amnesia:_The_Dark_Descent'}
Reading this website: Amnesia: The Dark Descent - Wikipedia
 Content: Amnesia: The Dark Descent

Developer     Frictional Games
Publisher     Frictional Games
Designers  ...
Short answer: September 2010
Short answer: September 2010
Search Agent found an Answer: September 2010

=== Processing Question 95, what is the oldest street in the philippines?...     =====
Short answer: Calle Real
Short answer: Calle Real
Search Agent found an Answer: Calle Real

=== Processing Question 96, where is the tibia and fibula bone located?...     =====
Short answer: lower leg
Short answer: lower leg
Search Agent found an Answer: lower leg

=== Processing Question 97, who played bat masterson in the tv series?...     =====
Search Agent wants to use tools: 1 call(s)
  - Tool: google_search
  - Arguments: {'query': 'who played Bat Masterson in the TV series'}
Search Agent wants to use tools: 1 call(s)
  - Tool: website_browsing
  - Arguments: {'link': 'https://en.wikipedia.org/wiki/Bat_Masterson_(TV_series)'}
Reading this website: Bat Masterson (TV series) - Wikipedia
 Content: Bat Masterson (TV series)

From Wikipedia, the free encyclopedia

Bat Masterson
Gene Barry as Bat Ma...
Short answer: Gene Barry
Short answer: Gene Barry
Search Agent found an Answer: Gene Barry

=== Processing Question 98, who sings sugar sugar you are my candy girl?...     =====
Search Agent wants to use tools: 1 call(s)
  - Tool: google_search
  - Arguments: {'query': '"Sugar Sugar" song singer'}
Search Agent wants to use tools: 1 call(s)
  - Tool: wikipedia_search
  - Arguments: {'query': 'Sugar Sugar song The Archies'}
Short answer: The Archies
Short answer: The Archies
Search Agent found an Answer: The Archies

=== Processing Question 99, types of skiing in the winter olympics 2018?...     =====
Search Agent wants to use tools: 1 call(s)
  - Tool: google_search
  - Arguments: {'query': '2018 Winter Olympics skiing events types'}
Search Agent wants to use tools: 1 call(s)
  - Tool: website_browsing
  - Arguments: {'link': 'https://en.wikipedia.org/wiki/Alpine_skiing_at_the_2018_Winter_Olympics'}
Reading this website: Alpine skiing at the 2018 Winter Olympics - Wikipedia
 Content: Alpine skiing at the 2018 Winter Olympics

From Wikipedia, the free encyclopedia

Alpine Skiing


at...
Search Agent wants to use tools: 1 call(s)
  - Tool: google_search
  - Arguments: {'query': '2018 Winter Olympics skiing disciplines types freestyle cross-country nordic combined ski jumping biathlon'}
Search Agent wants to use tools: 1 call(s)
  - Tool: website_browsing
  - Arguments: {'link': 'https://en.wikipedia.org/wiki/2018_Winter_Olympics'}
Reading this website: 2018 Winter Olympics - Wikipedia
 Content: 2018 Winter Olympics

"Pyeongchang 2018" and "PyeongChang 2018" redirect here. For the Winter Paraly...
Search Agent wants to use tools: 1 call(s)
  - Tool: google_search
  - Arguments: {'query': '"2018 Winter Olympics" skiing disciplines list alpine cross-country freestyle nordic combined ski jumping biathlon'}
Search Agent wants to use tools: 1 call(s)
  - Tool: website_browsing
  - Arguments: {'link': 'https://www.topendsports.com/events/winter/hosts/pyeongchang/sports.htm'}
Reading this website: Pyeongchang 2018 Sports
 Content: Pyeongchang 2018 Sports

Pyeongchang 2018 Winter Olympics Sports List


Here are the 15 major sport ...
Search Agent wants to use tools: 1 call(s)
  - Tool: wikipedia_search
  - Arguments: {'query': '2018 Winter Olympics skiing events'}
Search Agent wants to use tools: 1 call(s)
  - Tool: google_search
  - Arguments: {'query': '"types of skiing" 2018 Winter Olympics alpine cross-country freestyle nordic combined ski jumping biathlon'}
Short answer: Alpine, cross-country, freestyle, Nordic combined, ski jumping, snowboarding
Search Agent found an Answer: Error: Max steps reached without answer

=== Processing Question 100, who plays noah newman on the young and the restles...     =====
Search Agent wants to use tools: 1 call(s)
  - Tool: google_search
  - Arguments: {'query': 'who plays Noah Newman on The Young and the Restless'}
Search Agent wants to use tools: 1 call(s)
  - Tool: website_browsing
  - Arguments: {'link': 'https://en.wikipedia.org/wiki/Noah_Newman'}
Reading this website: Noah Newman - Wikipedia
 Content: Noah Newman

From Wikipedia, the free encyclopedia

Noah Newman is a fictional character from The Yo...
Short answer: Lucas Adams
Short answer: Rory Gibson
Search Agent found an Answer: Lucas Adams
Generation completed.
nswer: Daniel Garwe
Short answer: Winston Chitando
Search Agent found an Answer: Daniel Garwe

=== Processing Question 85, what was the initial effect of the transition from...     =====
Search Agent wants to use tools: 1 call(s)
  - Tool: google_search
  - Arguments: {'query': 'initial effect transition command to market economies Eastern Europe'}
Search Agent wants to use tools: 1 call(s)
  - Tool: website_browsing
  - Arguments: {'link': 'https://www.gauthmath.com/solution/1793447442573333/8-What-was-the-initial-effect-of-the-transition-from-command-to-market-economies'}
Reading this website: 
 Content: Gauthmath

ExtensionCalculatorDownloadGauth PLUS
Math Resources/
Math/


Question


SHOW LESS
129


...
Search Agent wants to use tools: 1 call(s)
  - Tool: website_browsing
  - Arguments: {'link': 'https://quizlet.com/explanations/questions/what-was-the-initial-effect-of-the-transition-from-command-to-market-economies-in-eastern-europe-bc7b157d-e78da386-64af-4b3e-9e9c-84a3b5bc38ed'}
Reading this website: 
 Content: What was the initial effect of the transition from command t

The transition from command to market ...
Search Agent wants to use tools: 1 call(s)
  - Tool: wikipedia_search
  - Arguments: {'query': 'transition from command to market economies Eastern Europe initial effects'}
Search Agent wants to use tools: 1 call(s)
  - Tool: google_search
  - Arguments: {'query': '"initial effect" transition command market economies Eastern Europe unemployment prices rose'}
Search Agent wants to use tools: 1 call(s)
  - Tool: website_browsing
  - Arguments: {'link': 'https://brainly.com/question/10679657'}
Reading this website: [FREE] What was the initial effect of the transition from command to market economies in Eastern Europe?

A. - brainly.com
 Content: [FREE] What was the initial effect of the transition from command to market economies in Eastern Eur...
Short answer: unemployment and prices rose
Short answer: economic decline
Search Agent found an Answer: unemployment and prices rose

=== Processing Question 86, when did toyota start making cars in the us?...     =====
Short answer: 1986
Short answer: 1986
Search Agent found an Answer: 1986

=== Processing Question 87, how many pieces in a terry's chocolate orange?...     =====
Search Agent wants to use tools: 1 call(s)
  - Tool: google_search
  - Arguments: {'query': "Terry's Chocolate Orange pieces count"}
Search Agent wants to use tools: 1 call(s)
Agents reasoning:                   
  - Tool: google_search
  - Arguments: {'query': '"Terry\'s Chocolate Orange" how many segments pieces'}
Search Agent wants to use tools: 1 call(s)
  - Tool: website_browsing
  - Arguments: {'link': 'https://completenutrition.co.uk/blogs/confectionary/how-many-segments-in-a-terry-s-chocolate-orange'}
Reading this website: How Many Segments in a Terry’s Chocolate Orange | complete nutrition &ndash; Complete Nutrition
 Content: How Many Segments in a Terry’s Chocolate Orange

Terry’s Chocolate Orange is instantly recognisable ...
Short answer: twenty
Short answer: twenty
Search Agent found an Answer: twenty

=== Processing Question 88, who plays the saint of killers on preacher?...     =====
Search Agent wants to use tools: 1 call(s)
  - Tool: google_search
  - Arguments: {'query': 'who plays the saint of killers on preacher'}
Search Agent wants to use tools: 1 call(s)
  - Tool: website_browsing
  - Arguments: {'link': 'https://en.wikipedia.org/wiki/Graham_McTavish'}
Reading this website: Graham McTavish - Wikipedia
 Content: Graham McTavish

From Wikipedia, the free encyclopedia

Graham McTavish
McTavish at the 2019 GalaxyC...
Short answer: Graham McTavish
Short answer: Graham McTavish
Search Agent found an Answer: Graham McTavish

=== Processing Question 89, when did the royal proclamation of 1763 end?...     =====
Short answer: The Royal Proclamation of 1763 was never formally ended; it was superseded by subsequent treaties and legislation, notably the Quebec Act of 1774.
Short answer: 1763
Search Agent found an Answer: The Royal Proclamation of 1763 was never formally ended; it was superseded by subsequent treaties and legislation, notably the Quebec Act of 1774.

=== Processing Question 90, who is playing the halftime show at super bowl 201...     =====
Search Agent wants to use tools: 1 call(s)
  - Tool: google_search
  - Arguments: {'query': 'Super Bowl 2016 halftime show performer'}
Search Agent wants to use tools: 1 call(s)
  - Tool: wikipedia_search
  - Arguments: {'query': 'Super Bowl 50 halftime show'}
Short answer: Coldplay
Short answer: Coldplay, Beyoncé, Bruno Mars
Search Agent found an Answer: Coldplay

=== Processing Question 91, jonny cash one piece at a time car?...     =====
Search Agent wants to use tools: 1 call(s)
  - Tool: google_search
  - Arguments: {'query': 'Johnny Cash one piece at a time car'}
Search Agent wants to use tools: 1 call(s)
  - Tool: website_browsing
  - Arguments: {'link': 'https://en.wikipedia.org/wiki/One_Piece_at_a_Time'}
Reading this website: One Piece at a Time - Wikipedia
 Content: One Piece at a Time

From Wikipedia, the free encyclopedia

"One Piece at a Time" is a country novel...
Search Agent wants to use tools: 1 call(s)
  - Tool: website_browsing
  - Arguments: {'link': 'https://www.atlasobscura.com/places/johnny-cash-s-one-piece-at-a-time-cadillac'}
Reading this website: Johnny Cash’s “One Piece at a Time” Cadillac - Atlas Obscura
 Content: Johnny Cash’s “One Piece at a Time” Cadillac

About

Plenty of songs have been inspired by cars: Wil...
Short answer: Cadillac
Short answer: 1976
Search Agent found an Answer: Cadillac

=== Processing Question 92, what is the minimum wage in france per hour?...     =====
Short answer: €11.65 per hour
Short answer: €11.65
Search Agent found an Answer: €11.65 per hour

=== Processing Question 93, describe the three phases of the normal blood clot...     =====
Search Agent wants to use tools: 1 call(s)
  - Tool: google_search
  - Arguments: {'query': 'three phases of normal blood clotting process'}
Search Agent wants to use tools: 1 call(s)
  - Tool: website_browsing
  - Arguments: {'link': 'https://my.clevelandclinic.org/health/symptoms/21999-hemostasis'}
Reading this website: Hemostasis: What It Is &amp; Stages
 Content: Hemostasis: What It Is & Stages

What triggers hemostasis?

An injury triggers hemostasis. Your body...
Search Agent wants to use tools: 1 call(s)
  - Tool: website_browsing
  - Arguments: {'link': 'https://www.ncbi.nlm.nih.gov/books/NBK545263/'}
Reading this website: Physiology, Hemostasis - StatPearls - NCBI Bookshelf
 Content: Physiology, Hemostasis - StatPearls

Introduction

Definition. Hemostasis is the mechanism that lead...
Search Agent wants to use tools: 1 call(s)
  - Tool: google_search
  - Arguments: {'query': '"three phases" blood clotting process hemostasis'}
Search Agent wants to use tools: 1 call(s)
  - Tool: website_browsing
  - Arguments: {'link': 'https://www.ncbi.nlm.nih.gov/books/NBK265/'}
Reading this website: Coagulation Tests - Clinical Methods - NCBI Bookshelf
 Content: Coagulation Tests - Clinical Methods

The process of hemostasis occurs in three phases: the vascular...
Search Agent wants to use tools: 1 call(s)
Agents reasoning:                                     
  - Tool: google_search
  - Arguments: {'query': '"three phases of hemostasis" vascular platelet phase coagulation cascade'}
Search Agent wants to use tools: 1 call(s)
  - Tool: website_browsing
  - Arguments: {'link': 'https://www.sciencedirect.com/topics/neuroscience/hemostasis'}
Reading this website: Hemostasis - an overview | ScienceDirect Topics
 Content: Hemostasis - an overview

Chapters and Articles

You might find these chapters and articles relevant...
Short answer: Vascular platelet phase, Coagulation cascade activation, Control mechanisms activation
Short answer: Vasoconstriction, platelet plug formation, coagulation cascade
Search Agent found an Answer: Vascular platelet phase, Coagulation cascade activation, Control mechanisms activation

=== Processing Question 94, when did amnesia the dark descent come out?...     =====
Search Agent wants to use tools: 1 call(s)
  - Tool: google_search
  - Arguments: {'query': 'Amnesia The Dark Descent release date'}
Search Agent wants to use tools: 1 call(s)
  - Tool: website_browsing
  - Arguments: {'link': 'https://en.wikipedia.org/wiki/Amnesia:_The_Dark_Descent'}
Reading this website: Amnesia: The Dark Descent - Wikipedia
 Content: Amnesia: The Dark Descent

Developer     Frictional Games
Publisher     Frictional Games
Designers  ...
Short answer: September 2010
Short answer: September 2010
Search Agent found an Answer: September 2010

=== Processing Question 95, what is the oldest street in the philippines?...     =====
Short answer: Colon Street
Short answer: Colon Street
Search Agent found an Answer: Colon Street

=== Processing Question 96, where is the tibia and fibula bone located?...     =====
Short answer: lower leg
Short answer: lower leg
Search Agent found an Answer: lower leg

=== Processing Question 97, who played bat masterson in the tv series?...     =====
Search Agent wants to use tools: 1 call(s)
  - Tool: google_search
  - Arguments: {'query': 'who played Bat Masterson in the TV series'}
Search Agent wants to use tools: 1 call(s)
  - Tool: website_browsing
  - Arguments: {'link': 'https://en.wikipedia.org/wiki/Bat_Masterson_(TV_series)'}
Reading this website: Bat Masterson (TV series) - Wikipedia
 Content: Bat Masterson (TV series)

From Wikipedia, the free encyclopedia

Bat Masterson
Gene Barry as Bat Ma...
Short answer: Gene Barry
Short answer: Gene Barry
Search Agent found an Answer: Gene Barry

=== Processing Question 98, who sings sugar sugar you are my candy girl?...     =====
Search Agent wants to use tools: 1 call(s)
  - Tool: google_search
  - Arguments: {'query': 'who sings sugar sugar you are my candy girl'}
Search Agent wants to use tools: 1 call(s)
  - Tool: wikipedia_search
  - Arguments: {'query': 'Sugar Sugar The Archies'}
Short answer: The Archies
Short answer: The Archies
Search Agent found an Answer: The Archies

=== Processing Question 99, types of skiing in the winter olympics 2018?...     =====
Search Agent wants to use tools: 1 call(s)
  - Tool: google_search
  - Arguments: {'query': '2018 Winter Olympics skiing events types'}
Search Agent wants to use tools: 1 call(s)
  - Tool: website_browsing
  - Arguments: {'link': 'https://www.topendsports.com/events/winter/hosts/pyeongchang/sports.htm'}
Reading this website: Pyeongchang 2018 Sports
 Content: Pyeongchang 2018 Sports

Pyeongchang 2018 Winter Olympics Sports List


Here are the 15 major sport ...
Search Agent wants to use tools: 1 call(s)
  - Tool: wikipedia_search
  - Arguments: {'query': '2018 Winter Olympics skiing disciplines'}
Search Agent wants to use tools: 1 call(s)
  - Tool: google_search
  - Arguments: {'query': '"2018 Winter Olympics" skiing types alpine freestyle cross-country biathlon ski jumping nordic combined'}
Search Agent wants to use tools: 1 call(s)
  - Tool: website_browsing
  - Arguments: {'link': 'https://en.wikipedia.org/wiki/2018_Winter_Olympics'}
Reading this website: 2018 Winter Olympics - Wikipedia
 Content: 2018 Winter Olympics

"Pyeongchang 2018" and "PyeongChang 2018" redirect here. For the Winter Paraly...
Search Agent wants to use tools: 1 call(s)
Agents reasoning:                                                      
  - Tool: google_search
  - Arguments: {'query': '"2018 Winter Olympics" skiing disciplines alpine freestyle cross-country biathlon ski jumping nordic combined'}
Short answer: Alpine skiing, Freestyle skiing, Cross-country skiing, Biathlon, Ski jumping, Nordic combined
Short answer: Alpine skiing, cross-country skiing, ski jumping, Nordic combined, freestyle skiing, snowboarding, biathlon
Search Agent found an Answer: Alpine skiing, Freestyle skiing, Cross-country skiing, Biathlon, Ski jumping, Nordic combined

=== Processing Question 100, who plays noah newman on the young and the restles...     =====
Search Agent wants to use tools: 1 call(s)
  - Tool: google_search
  - Arguments: {'query': 'Noah Newman actor The Young and the Restless'}
Search Agent wants to use tools: 1 call(s)
  - Tool: website_browsing
  - Arguments: {'link': 'https://en.wikipedia.org/wiki/Noah_Newman'}
Reading this website: Noah Newman - Wikipedia
 Content: Noah Newman

From Wikipedia, the free encyclopedia

Noah Newman is a fictional character from The Yo...
Short answer: Lucas Adams
Short answer: Rory Gibson
Search Agent found an Answer: Lucas Adams
Generation completed.
