Starting FAST Rollout Generation (N=4, Temp=0.6)...
Processing ID 60 (Launching 4 parallel requests)...
Error on rollout 1 for ID 60: Connection error.
Error on rollout 3 for ID 60: Connection error.
Error on rollout 2 for ID 60: Connection error.
Error on rollout 0 for ID 60: Connection error.
Finished ID 60. Cooling down for 5 seconds...
Processing ID 61 (Launching 4 parallel requests)...
Error on rollout 3 for ID 61: Connection error.
Error on rollout 1 for ID 61: Connection error.
Error on rollout 0 for ID 61: Connection error.
Error on rollout 2 for ID 61: Connection error.
Finished ID 61. Cooling down for 5 seconds...
Processing ID 62 (Launching 4 parallel requests)...
Error on rollout 1 for ID 62: Connection error.
Error on rollout 2 for ID 62: Connection error.
Error on rollout 0 for ID 62: Connection error.
Error on rollout 3 for ID 62: Connection error.
Finished ID 62. Cooling down for 5 seconds...
Processing ID 63 (Launching 4 parallel requests)...
Error on rollout 1 for ID 63: Connection error.
Error on rollout 3 for ID 63: Connection error.
Error on rollout 0 for ID 63: Connection error.
Error on rollout 2 for ID 63: Connection error.
Finished ID 63. Cooling down for 5 seconds...
Processing ID 64 (Launching 4 parallel requests)...
Error on rollout 1 for ID 64: Connection error.
Error on rollout 3 for ID 64: Connection error.
Error on rollout 0 for ID 64: Connection error.
Error on rollout 2 for ID 64: Connection error.
Finished ID 64. Cooling down for 5 seconds...
Processing ID 65 (Launching 4 parallel requests)...
Error on rollout 3 for ID 65: Connection error.
Error on rollout 2 for ID 65: Connection error.
Error on rollout 0 for ID 65: Connection error.
Error on rollout 1 for ID 65: Connection error.
Finished ID 65. Cooling down for 5 seconds...
Processing ID 66 (Launching 4 parallel requests)...
Error on rollout 0 for ID 66: Connection error.
Error on rollout 1 for ID 66: Connection error.
Error on rollout 3 for ID 66: Connection error.
Error on rollout 2 for ID 66: Connection error.
Finished ID 66. Cooling down for 5 seconds...
Processing ID 67 (Launching 4 parallel requests)...
Error on rollout 1 for ID 67: Connection error.
Error on rollout 2 for ID 67: Connection error.
Error on rollout 0 for ID 67: Connection error.
Error on rollout 3 for ID 67: Connection error.
Finished ID 67. Cooling down for 5 seconds...
Processing ID 68 (Launching 4 parallel requests)...
Error on rollout 3 for ID 68: Connection error.
Error on rollout 1 for ID 68: Connection error.
Error on rollout 0 for ID 68: Connection error.
Error on rollout 2 for ID 68: Connection error.
Finished ID 68. Cooling down for 5 seconds...
Processing ID 69 (Launching 4 parallel requests)...
Error on rollout 1 for ID 69: Connection error.
Error on rollout 2 for ID 69: Connection error.
Error on rollout 3 for ID 69: Connection error.
Error on rollout 0 for ID 69: Connection error.
Finished ID 69. Cooling down for 5 seconds...
Processing ID 70 (Launching 4 parallel requests)...
Error on rollout 3 for ID 70: Connection error.
Error on rollout 2 for ID 70: Connection error.
Error on rollout 0 for ID 70: Connection error.
Error on rollout 1 for ID 70: Connection error.
Finished ID 70. Cooling down for 5 seconds...
Processing ID 71 (Launching 4 parallel requests)...
Error on rollout 3 for ID 71: Connection error.
Error on rollout 0 for ID 71: Connection error.
Error on rollout 1 for ID 71: Connection error.
Error on rollout 2 for ID 71: Connection error.
Finished ID 71. Cooling down for 5 seconds...
Processing ID 72 (Launching 4 parallel requests)...
Error on rollout 3 for ID 72: Connection error.
Error on rollout 1 for ID 72: Connection error.
Error on rollout 2 for ID 72: Connection error.
Error on rollout 0 for ID 72: Connection error.
Finished ID 72. Cooling down for 5 seconds...
Processing ID 73 (Launching 4 parallel requests)...
Error on rollout 1 for ID 73: Connection error.
Error on rollout 3 for ID 73: Connection error.
Error on rollout 0 for ID 73: Connection error.
Error on rollout 2 for ID 73: Connection error.
Finished ID 73. Cooling down for 5 seconds...
Processing ID 74 (Launching 4 parallel requests)...
Error on rollout 0 for ID 74: Connection error.
Error on rollout 3 for ID 74: Connection error.
Error on rollout 1 for ID 74: Connection error.
Error on rollout 2 for ID 74: Connection error.
Finished ID 74. Cooling down for 5 seconds...
Processing ID 75 (Launching 4 parallel requests)...
Error on rollout 2 for ID 75: Connection error.
Error on rollout 1 for ID 75: Connection error.
Error on rollout 0 for ID 75: Connection error.
Error on rollout 3 for ID 75: Connection error.
Finished ID 75. Cooling down for 5 seconds...
Processing ID 76 (Launching 4 parallel requests)...
Error on rollout 0 for ID 76: Connection error.
Error on rollout 2 for ID 76: Connection error.
Error on rollout 1 for ID 76: Connection error.
Error on rollout 3 for ID 76: Connection error.
Finished ID 76. Cooling down for 5 seconds...
Processing ID 77 (Launching 4 parallel requests)...
Error on rollout 1 for ID 77: Connection error.
Error on rollout 2 for ID 77: Connection error.
Error on rollout 3 for ID 77: Connection error.
Error on rollout 0 for ID 77: Connection error.
Finished ID 77. Cooling down for 5 seconds...
Processing ID 78 (Launching 4 parallel requests)...
Error on rollout 3 for ID 78: Connection error.
Error on rollout 0 for ID 78: Connection error.
Error on rollout 2 for ID 78: Connection error.
Error on rollout 1 for ID 78: Connection error.
Finished ID 78. Cooling down for 5 seconds...
Processing ID 79 (Launching 4 parallel requests)...
Error on rollout 2 for ID 79: Connection error.
Error on rollout 0 for ID 79: Connection error.
Error on rollout 1 for ID 79: Connection error.
Error on rollout 3 for ID 79: Connection error.
Finished ID 79. Cooling down for 5 seconds...
Processing ID 80 (Launching 4 parallel requests)...
Error on rollout 3 for ID 80: Connection error.
Error on rollout 0 for ID 80: Connection error.
Error on rollout 2 for ID 80: Connection error.
Error on rollout 1 for ID 80: Connection error.
Finished ID 80. Cooling down for 5 seconds...
Processing ID 81 (Launching 4 parallel requests)...
Error on rollout 3 for ID 81: Connection error.
Error on rollout 2 for ID 81: Connection error.
Error on rollout 1 for ID 81: Connection error.
Error on rollout 0 for ID 81: Connection error.
Finished ID 81. Cooling down for 5 seconds...
Processing ID 82 (Launching 4 parallel requests)...
Error on rollout 2 for ID 82: Connection error.
Error on rollout 3 for ID 82: Connection error.
Error on rollout 1 for ID 82: Connection error.
Error on rollout 0 for ID 82: Connection error.
Finished ID 82. Cooling down for 5 seconds...
Processing ID 83 (Launching 4 parallel requests)...
Error on rollout 3 for ID 83: Connection error.
Error on rollout 2 for ID 83: Connection error.
Error on rollout 0 for ID 83: Connection error.
Error on rollout 1 for ID 83: Connection error.
Finished ID 83. Cooling down for 5 seconds...
Processing ID 84 (Launching 4 parallel requests)...
Error on rollout 2 for ID 84: Connection error.
Error on rollout 3 for ID 84: Connection error.
Error on rollout 1 for ID 84: Connection error.
Error on rollout 0 for ID 84: Connection error.
Finished ID 84. Cooling down for 5 seconds...
Processing ID 85 (Launching 4 parallel requests)...
Error on rollout 0 for ID 85: Connection error.
Error on rollout 2 for ID 85: Connection error.
Error on rollout 3 for ID 85: Connection error.
Error on rollout 1 for ID 85: Connection error.
Finished ID 85. Cooling down for 5 seconds...
Processing ID 86 (Launching 4 parallel requests)...
Error on rollout 0 for ID 86: Connection error.
Error on rollout 3 for ID 86: Connection error.
Error on rollout 2 for ID 86: Connection error.
Error on rollout 1 for ID 86: Connection error.
Finished ID 86. Cooling down for 5 seconds...
Processing ID 87 (Launching 4 parallel requests)...
Error on rollout 2 for ID 87: Connection error.
Error on rollout 0 for ID 87: Connection error.
Error on rollout 3 for ID 87: Connection error.
Error on rollout 1 for ID 87: Connection error.
Finished ID 87. Cooling down for 5 seconds...
Processing ID 88 (Launching 4 parallel requests)...
Error on rollout 1 for ID 88: Connection error.
Error on rollout 2 for ID 88: Connection error.
Error on rollout 0 for ID 88: Connection error.
Error on rollout 3 for ID 88: Connection error.
Finished ID 88. Cooling down for 5 seconds...
Processing ID 89 (Launching 4 parallel requests)...
Error on rollout 0 for ID 89: Connection error.
Error on rollout 2 for ID 89: Connection error.
Error on rollout 3 for ID 89: Connection error.
Error on rollout 1 for ID 89: Connection error.
Finished ID 89. Cooling down for 5 seconds...
Done! Results saved to assignment4/results/aime24_results_nomath_1.jsonl
