--- Starting Multi-Agent Valuation for NVDA ---

>>> Round 1: Lead Quantitative Analyst (Gathering Data & Base Model)...

--- Starting Valuation for NVDA ---

Step 1: Agent chose 1 tool(s)
  -> Calling google_search with {'query': 'NVDA current stock price 2025-11-27'}
Step 2: Agent chose 1 tool(s)
  -> Calling google_search with {'query': 'NVDA shares outstanding 2025 Q3'}
Step 3: Agent chose 1 tool(s)
  -> Calling google_search with {'query': 'NVDA free cash flow TTM 2025'}
Step 4: Agent chose 1 tool(s)
  -> Calling website_browsing with {'link': 'https://www.macrotrends.net/stocks/charts/NVDA/nvidia/free-cash-flow'}
Reading this website: NVIDIA Free Cash Flow 2012-2025 | NVDA | MacroTrends
 Content: NVIDIA Free Cash Flow 2012-2025 | NVDA

* Current Ratio
 * Quick Ratio
 * Debt/Equity Ratio
 * ROE
 ...
Step 5: Agent chose 1 tool(s)
  -> Calling google_search with {'query': 'NVDA net debt 2025 Q3'}
Step 6: Agent chose 1 tool(s)
  -> Calling website_browsing with {'link': 'https://nvidianews.nvidia.com/news/nvidia-announces-financial-results-for-third-quarter-fiscal-2026'}
Reading this website: NVIDIA Announces Financial Results for Third Quarter Fiscal 2026 | NVIDIA Newsroom
 Content: NVIDIA Announces Financial Results for Third Quarter Fiscal 2026

* Record revenue of $57.0 billion,...
Step 7: Agent chose 1 tool(s)
  -> Calling google_search with {'query': 'NVDA beta 2025'}
Step 8: Agent chose 1 tool(s)
  -> Calling google_search with {'query': '10-year US Treasury yield 2025-11-27'}
Step 9: Agent chose 1 tool(s)
  -> Calling google_search with {'query': 'site:reddit.com NVDA stock analysis 2025'}
Step 10: Agent chose 1 tool(s)
  -> Calling google_search with {'query': 'NVDA stock news 2025'}
Step 11: Agent chose 1 tool(s)
  -> Calling google_search with {'query': 'NVDA analyst consensus growth rate 2025 2026'}
Step 12: Agent chose 1 tool(s)
  -> Calling calculator with {'expression': '60.853'}
Step 13: Agent chose 1 tool(s)
  -> Calling calculator with {'expression': '24.532'}
Step 14: Agent chose 1 tool(s)
  -> Calling calculator with {'expression': '2.27'}
Step 15: Agent chose 1 tool(s)
  -> Calling calculator with {'expression': '4.04'}
Step 16: Agent chose 1 tool(s)
  -> Calling calculator with {'expression': '4.04 + 2.27 * 5.0'}
Step 17: Agent chose 1 tool(s)
  -> Calling calculator with {'expression': '60.853 * (1 + 0.36) / (1 + 0.1539) + 60.853 * (1 + 0.36)**2 / (1 + 0.1539)**2 + 60.853 * (1 + 0.36)**3 / (1 + 0.1539)**3 + 60.853 * (1 + 0.36)**4 / (1 + 0.1539)**4 + 60.853 * (1 + 0.36)**5 / (1 + 0.1539)**5'}
Step 18: Agent chose 1 tool(s)
  -> Calling calculator with {'expression': '60.853 * (1 + 0.36)**5 * (1 + 0.025) / (0.1539 - 0.025)'}
Step 19: Agent chose 1 tool(s)
  -> Calling calculator with {'expression': '2251.3731549751196 / (1 + 0.1539)**5'}
Step 20: Agent chose 1 tool(s)
  -> Calling calculator with {'expression': '511.71148607654385 + 1100.5419882739984'}
Step 21: Agent chose 1 tool(s)
  -> Calling calculator with {'expression': '1612.2534743505423 - 6.6'}
Step 22: Agent chose 1 tool(s)
  -> Calling calculator with {'expression': '1605.6534743505424 / 24.532'}
Step 23: Agent chose 1 tool(s)
  -> Calling calculator with {'expression': '(65.45138897564578 - 179.51) / 179.51 * 100'}

--- Valuation Complete for NVDA ---
{
  "thinking_process": "I gathered data from multiple sources: Current stock price from Robinhood ($179.51), shares outstanding from Macrotrends (24.532B), FCF from Macrotrends ($60.853B annual 2025), net debt from Yahoo Finance ($6.6B), beta from Investing.com (2.27), and risk-free rate from FRED (4.04%). For growth rate, I used 36% based on Seeking Alpha's analysis of data center growth through 2030, which is conservative given NVDA's recent 66% YoY growth. WACC calculated as 15.39% using risk-free + beta * 5%. Terminal growth set at standard 2.5%. DCF calculation shows intrinsic value of $65.45 per share, representing significant downside from current price. Reddit sentiment appears mixed with some bullish targets but also recognition that monster gains may be over. Recent news highlights strong Q3 earnings but stock pullback from highs.",
  "company": "NVDA",
  "valuation_date": "2025-11-27",
  "current_price": 179.51,
  "estimated_value": 65.45,
  "upside_downside": "-63.54%",
  "assumptions": {
    "growth_rate": "36% (Source: Seeking Alpha analysis of data center growth through 2030)",
    "wacc": "15.39% (Source: Risk-free rate 4.04% + Beta 2.27 * 5.0%)",
    "terminal_growth": "2.5%"
  },
  "market_sentiment": {
    "reddit_sentiment": "Mixed",
    "reddit_summary": "Some bullish price targets ($350 from Loop Capital), but recognition that monster gains may be over with more modest returns expected going forward",
    "recent_news_summary": "Strong Q3 earnings with record $57B revenue, but stock trading 17% below October highs despite business growth",
    "news_source": "https://nvidianews.nvidia.com/news/nvidia-announces-financial-results-for-third-quarter-fiscal-2026"
  },
  "reasoning": "The DCF valuation suggests NVDA is significantly overvalued at current prices, primarily due to the high WACC (15.39%) driven by NVDA's elevated beta of 2.27. While the company continues to show strong growth in data center revenue (66% YoY in Q3), the current stock price appears to already reflect substantial future growth expectations. The conservative 36% growth rate assumption, while high, is below recent actual growth rates, and the high cost of capital makes future cash flows less valuable in present terms."
}

>>> Round 2: Growth Strategist (Bull Case)...

>>> Round 3: Risk Manager (Bear Case)...

Experiment complete. Multi-agent debate saved to poster-experiment/experiment_log.md
Full process log saved to poster-experiment/process.log
